Archive member included to satisfy reference by file (symbol)

C:/Users/pedro/.pico-sdk/toolchain/13_2_Rel1/bin/../lib/gcc/arm-none-eabi/13.2.1/thumb/v6-m/nofp\libgcc.a(_dvmd_tls.o)
                              CMakeFiles/contador_dec.dir/C_/Users/pedro/.pico-sdk/sdk/1.5.1/src/rp2_common/pico_divider/divider.S.obj (__aeabi_idiv0)
C:/Users/pedro/.pico-sdk/toolchain/13_2_Rel1/bin/../lib/gcc/arm-none-eabi/13.2.1/thumb/v6-m/nofp\libc.a(libc_a-calloc.o)
                              CMakeFiles/contador_dec.dir/C_/Users/pedro/.pico-sdk/sdk/1.5.1/src/rp2_common/pico_malloc/pico_malloc.c.obj (calloc)
C:/Users/pedro/.pico-sdk/toolchain/13_2_Rel1/bin/../lib/gcc/arm-none-eabi/13.2.1/thumb/v6-m/nofp\libc.a(libc_a-callocr.o)
                              C:/Users/pedro/.pico-sdk/toolchain/13_2_Rel1/bin/../lib/gcc/arm-none-eabi/13.2.1/thumb/v6-m/nofp\libc.a(libc_a-calloc.o) (_calloc_r)
C:/Users/pedro/.pico-sdk/toolchain/13_2_Rel1/bin/../lib/gcc/arm-none-eabi/13.2.1/thumb/v6-m/nofp\libc.a(libc_a-malloc.o)
                              CMakeFiles/contador_dec.dir/C_/Users/pedro/.pico-sdk/sdk/1.5.1/src/rp2_common/pico_malloc/pico_malloc.c.obj (malloc)
C:/Users/pedro/.pico-sdk/toolchain/13_2_Rel1/bin/../lib/gcc/arm-none-eabi/13.2.1/thumb/v6-m/nofp\libc.a(libc_a-mallocr.o)
                              C:/Users/pedro/.pico-sdk/toolchain/13_2_Rel1/bin/../lib/gcc/arm-none-eabi/13.2.1/thumb/v6-m/nofp\libc.a(libc_a-callocr.o) (_malloc_r)
C:/Users/pedro/.pico-sdk/toolchain/13_2_Rel1/bin/../lib/gcc/arm-none-eabi/13.2.1/thumb/v6-m/nofp\libc.a(libc_a-mlock.o)
                              C:/Users/pedro/.pico-sdk/toolchain/13_2_Rel1/bin/../lib/gcc/arm-none-eabi/13.2.1/thumb/v6-m/nofp\libc.a(libc_a-mallocr.o) (__malloc_lock)
C:/Users/pedro/.pico-sdk/toolchain/13_2_Rel1/bin/../lib/gcc/arm-none-eabi/13.2.1/thumb/v6-m/nofp\libc.a(libc_a-realloc.o)
                              CMakeFiles/contador_dec.dir/C_/Users/pedro/.pico-sdk/sdk/1.5.1/src/rp2_common/pico_malloc/pico_malloc.c.obj (realloc)
C:/Users/pedro/.pico-sdk/toolchain/13_2_Rel1/bin/../lib/gcc/arm-none-eabi/13.2.1/thumb/v6-m/nofp\libc.a(libc_a-reallocr.o)
                              C:/Users/pedro/.pico-sdk/toolchain/13_2_Rel1/bin/../lib/gcc/arm-none-eabi/13.2.1/thumb/v6-m/nofp\libc.a(libc_a-realloc.o) (_realloc_r)
C:/Users/pedro/.pico-sdk/toolchain/13_2_Rel1/bin/../lib/gcc/arm-none-eabi/13.2.1/thumb/v6-m/nofp\libc.a(libc_a-ctype_.o)
                              CMakeFiles/contador_dec.dir/inc/ssd1306_i2c.c.obj (_ctype_)
C:/Users/pedro/.pico-sdk/toolchain/13_2_Rel1/bin/../lib/gcc/arm-none-eabi/13.2.1/thumb/v6-m/nofp\libc.a(libc_a-memcmp.o)
                              CMakeFiles/contador_dec.dir/C_/Users/pedro/.pico-sdk/sdk/1.5.1/lib/cyw43-driver/src/cyw43_ll.c.obj (memcmp)
C:/Users/pedro/.pico-sdk/toolchain/13_2_Rel1/bin/../lib/gcc/arm-none-eabi/13.2.1/thumb/v6-m/nofp\libc.a(libc_a-memmove.o)
                              CMakeFiles/contador_dec.dir/C_/Users/pedro/.pico-sdk/sdk/1.5.1/lib/cyw43-driver/src/cyw43_ll.c.obj (memmove)
C:/Users/pedro/.pico-sdk/toolchain/13_2_Rel1/bin/../lib/gcc/arm-none-eabi/13.2.1/thumb/v6-m/nofp\libc.a(libc_a-strncmp.o)
                              CMakeFiles/contador_dec.dir/C_/Users/pedro/.pico-sdk/sdk/1.5.1/lib/cyw43-driver/src/cyw43_ll.c.obj (strncmp)
C:/Users/pedro/.pico-sdk/toolchain/13_2_Rel1/bin/../lib/gcc/arm-none-eabi/13.2.1/thumb/v6-m/nofp\libc.a(libc_a-impure.o)
                              C:/Users/pedro/.pico-sdk/toolchain/13_2_Rel1/bin/../lib/gcc/arm-none-eabi/13.2.1/thumb/v6-m/nofp\libc.a(libc_a-calloc.o) (_impure_ptr)
C:/Users/pedro/.pico-sdk/toolchain/13_2_Rel1/bin/../lib/gcc/arm-none-eabi/13.2.1/thumb/v6-m/nofp\libc.a(libc_a-sbrkr.o)
                              C:/Users/pedro/.pico-sdk/toolchain/13_2_Rel1/bin/../lib/gcc/arm-none-eabi/13.2.1/thumb/v6-m/nofp\libc.a(libc_a-mallocr.o) (_sbrk_r)
C:/Users/pedro/.pico-sdk/toolchain/13_2_Rel1/bin/../lib/gcc/arm-none-eabi/13.2.1/thumb/v6-m/nofp\libc.a(libc_a-errno.o)
                              C:/Users/pedro/.pico-sdk/toolchain/13_2_Rel1/bin/../lib/gcc/arm-none-eabi/13.2.1/thumb/v6-m/nofp\libc.a(libc_a-callocr.o) (__errno)
C:/Users/pedro/.pico-sdk/toolchain/13_2_Rel1/bin/../lib/gcc/arm-none-eabi/13.2.1/thumb/v6-m/nofp\libc.a(libc_a-init.o)
                              C:/Users/pedro/.pico-sdk/toolchain/13_2_Rel1/bin/../lib/gcc/arm-none-eabi/13.2.1/thumb/v6-m/nofp/crt0.o (__libc_init_array)
C:/Users/pedro/.pico-sdk/toolchain/13_2_Rel1/bin/../lib/gcc/arm-none-eabi/13.2.1/thumb/v6-m/nofp\libc.a(libc_a-lock.o)
                              C:/Users/pedro/.pico-sdk/toolchain/13_2_Rel1/bin/../lib/gcc/arm-none-eabi/13.2.1/thumb/v6-m/nofp\libc.a(libc_a-mlock.o) (__retarget_lock_acquire_recursive)
C:/Users/pedro/.pico-sdk/toolchain/13_2_Rel1/bin/../lib/gcc/arm-none-eabi/13.2.1/thumb/v6-m/nofp\libc.a(libc_a-sysconf.o)
                              C:/Users/pedro/.pico-sdk/toolchain/13_2_Rel1/bin/../lib/gcc/arm-none-eabi/13.2.1/thumb/v6-m/nofp\libc.a(libc_a-mallocr.o) (sysconf)
[...]
Memory Configuration

Name             Origin             Length             Attributes
FLASH            0x10000000         0x00200000         xr
RAM              0x20000000         0x00040000         xrw
SCRATCH_X        0x20040000         0x00001000         xrw
SCRATCH_Y        0x20041000         0x00001000         xrw
*default*        0x00000000         0xffffffff

Linker script and memory map

LOAD C:/Users/pedro/.pico-sdk/toolchain/13_2_Rel1/bin/../lib/gcc/arm-none-eabi/13.2.1/thumb/v6-m/nofp/crti.o
LOAD C:/Users/pedro/.pico-sdk/toolchain/13_2_Rel1/bin/../lib/gcc/arm-none-eabi/13.2.1/thumb/v6-m/nofp/crtbegin.o
LOAD C:/Users/pedro/.pico-sdk/toolchain/13_2_Rel1/bin/../lib/gcc/arm-none-eabi/13.2.1/thumb/v6-m/nofp/crt0.o

.flash_begin    0x10000000        0x0
                0x10000000                        __flash_binary_start = .

.boot2          0x10000000      0x100
                0x10000000                        __boot2_start__ = .
 *(.boot2)
 .boot2         0x10000000      0x100 C:\Users\pedro\AppData\Local\Temp\ccII8xZj.o
                0x10000100                        __boot2_end__ = .
                0x00000001                        ASSERT (((__boot2_end__ - __boot2_start__) == 0x100), ERROR: Pico second stage bootloader must be 256 bytes in size)

.text           0x10000100     0x8d70
                0x10000100                        __logical_binary_start = .
 *(.vectors)
 .vectors       0x10000100       0xd4 CMakeFiles/contador_dec.dir/C_/Users/pedro/.pico-sdk/sdk/1.5.1/src/rp2_common/pico_standard_link/crt0.S.obj
                0x10000100                __VECTOR_TABLE
                0x10000100                __vectors
                0x100001c0                isr_invalid
                0x100001c0                __default_isrs_start
                0x100001c2                isr_nmi
                0x100001c4                isr_hardfault
                0x100001c6                isr_svcall
                0x100001c8                isr_pendsv
                0x100001ca                isr_systick
                0x100001cc                isr_irq23
                0x100001cc                isr_irq18
                0x100001cc                isr_irq11
                0x100001cc                isr_irq28
                0x100001cc                isr_irq19
                0x100001cc                isr_irq0
                0x100001cc                isr_irq6
                0x100001cc                isr_irq5
                0x100001cc                isr_irq12
                0x100001cc                isr_irq22
                0x100001cc                isr_irq31
                0x100001cc                isr_irq17
                0x100001cc                isr_irq27
                0x100001cc                isr_irq30
                0x100001cc                isr_irq2
                0x100001cc                isr_irq10
                0x100001cc                isr_irq8
                0x100001cc                isr_irq24
                0x100001cc                isr_irq1
                0x100001cc                isr_irq7
                0x100001cc                isr_irq21
                0x100001cc                isr_irq20
                0x100001cc                isr_irq15
                0x100001cc                isr_irq25
                0x100001cc                isr_irq13
                0x100001cc                __unhandled_user_irq
                0x100001cc                isr_irq4
                0x100001cc                isr_irq16
                0x100001cc                isr_irq29
                0x100001cc                isr_irq26
                0x100001cc                __default_isrs_end
                0x100001cc                isr_irq3
                0x100001cc                isr_irq14
                0x100001cc                isr_irq9
                0x100001d2                unhandled_user_irq_num_in_r0
 *(.binary_info_header)
 .binary_info_header
                0x100001d4       0x14 CMakeFiles/contador_dec.dir/C_/Users/pedro/.pico-sdk/sdk/1.5.1/src/rp2_common/pico_standard_link/crt0.S.obj
                0x100001e8                        __binary_info_header_end = .
 *(.reset)
 .reset         0x100001e8       0xa0 CMakeFiles/contador_dec.dir/C_/Users/pedro/.pico-sdk/sdk/1.5.1/src/rp2_common/pico_standard_link/crt0.S.obj
                0x100001e8                _entry_point
 .reset         0x10000288       0x30 CMakeFiles/contador_dec.dir/C_/Users/pedro/.pico-sdk/sdk/1.5.1/src/rp2_common/pico_standard_link/binary_info.c.obj
 *(.init)
 .init          0x100002b8        0x4 C:/Users/pedro/.pico-sdk/toolchain/13_2_Rel1/bin/../lib/gcc/arm-none-eabi/13.2.1/thumb/v6-m/nofp/crti.o
                0x100002b8                _init
 *(EXCLUDE_FILE(*libm.a: *libc.a:*lib_a-mem*.o *libgcc.a:) .text*)
 .text.register_tm_clones
                0x100002bc       0x28 C:/Users/pedro/.pico-sdk/toolchain/13_2_Rel1/bin/../lib/gcc/arm-none-eabi/13.2.1/thumb/v6-m/nofp/crtbegin.o
 .text.frame_dummy
                0x100002e4       0x24 C:/Users/pedro/.pico-sdk/toolchain/13_2_Rel1/bin/../lib/gcc/arm-none-eabi/13.2.1/thumb/v6-m/nofp/crtbegin.o
 .text.ws2818b_program_init
                0x10000308       0xd0 CMakeFiles/contador_dec.dir/main.c.obj
                0x10000308                ws2818b_program_init
 .text.npInit   0x100003d8       0x80 CMakeFiles/contador_dec.dir/main.c.obj
                0x100003d8                npInit
 .text.button_status
                0x10000458       0xc8 CMakeFiles/contador_dec.dir/main.c.obj
                0x10000458                button_status
 .text.gpio_callback
                0x10000520       0xa8 CMakeFiles/contador_dec.dir/main.c.obj
                0x10000520                gpio_callback
 .text.init_button
                0x100005c8       0x40 CMakeFiles/contador_dec.dir/main.c.obj
                0x100005c8                init_button
 .text.initJoystick
                0x10000608       0x4c CMakeFiles/contador_dec.dir/main.c.obj
                0x10000608                initJoystick
 .text.pwm_init_buzzer
                0x10000654       0x40 CMakeFiles/contador_dec.dir/main.c.obj
                0x10000654                pwm_init_buzzer
 .text.playStartupTune
                0x10000694      0x234 CMakeFiles/contador_dec.dir/main.c.obj
                0x10000694                playStartupTune
 .text.startup.main
                0x100008c8      0x46c CMakeFiles/contador_dec.dir/main.c.obj
                0x100008c8                main
 .text.ssd1306_draw_char.part.0
                0x10000d34       0x7c CMakeFiles/contador_dec.dir/inc/ssd1306_i2c.c.obj
 .text.calculate_render_area_buffer_length
                0x10000db0       0x18 CMakeFiles/contador_dec.dir/inc/ssd1306_i2c.c.obj
                0x10000db0                calculate_render_area_buffer_length
 .text.ssd1306_init
                0x10000dc8       0x58 CMakeFiles/contador_dec.dir/inc/ssd1306_i2c.c.obj
                0x10000dc8                ssd1306_init
 .text.render_on_display
                0x10000e20       0x98 CMakeFiles/contador_dec.dir/inc/ssd1306_i2c.c.obj
                0x10000e20                render_on_display
 .text.ssd1306_draw_string
                0x10000eb8       0x3c CMakeFiles/contador_dec.dir/inc/ssd1306_i2c.c.obj
                0x10000eb8                ssd1306_draw_string
 .text.gpio_default_irq_handler
                0x10000ef4      0x24c CMakeFiles/contador_dec.dir/C_/Users/pedro/.pico-sdk/sdk/1.5.1/src/rp2_common/hardware_gpio/gpio.c.obj
 .text.gpio_set_function
                0x10001140       0x30 CMakeFiles/contador_dec.dir/C_/Users/pedro/.pico-sdk/sdk/1.5.1/src/rp2_common/hardware_gpio/gpio.c.obj
                0x10001140                gpio_set_function
 .text.gpio_set_pulls
                0x10001170       0x24 CMakeFiles/contador_dec.dir/C_/Users/pedro/.pico-sdk/sdk/1.5.1/src/rp2_common/hardware_gpio/gpio.c.obj
                0x10001170                gpio_set_pulls
 .text.gpio_set_irq_enabled
                0x10001194       0x54 CMakeFiles/contador_dec.dir/C_/Users/pedro/.pico-sdk/sdk/1.5.1/src/rp2_common/hardware_gpio/gpio.c.obj
                0x10001194                gpio_set_irq_enabled
 .text.gpio_set_irq_enabled_with_callback
                0x100011e8       0xc4 CMakeFiles/contador_dec.dir/C_/Users/pedro/.pico-sdk/sdk/1.5.1/src/rp2_common/hardware_gpio/gpio.c.obj
                0x100011e8                gpio_set_irq_enabled_with_callback
 .text.gpio_add_raw_irq_handler_with_order_priority_masked
                0x100012ac       0x44 CMakeFiles/contador_dec.dir/C_/Users/pedro/.pico-sdk/sdk/1.5.1/src/rp2_common/hardware_gpio/gpio.c.obj
                0x100012ac                gpio_add_raw_irq_handler_with_order_priority_masked
 .text.gpio_remove_raw_irq_handler_masked
                0x100012f0       0x20 CMakeFiles/contador_dec.dir/C_/Users/pedro/.pico-sdk/sdk/1.5.1/src/rp2_common/hardware_gpio/gpio.c.obj
                0x100012f0                gpio_remove_raw_irq_handler_masked
 .text.gpio_set_input_enabled
                0x10001310       0x28 CMakeFiles/contador_dec.dir/C_/Users/pedro/.pico-sdk/sdk/1.5.1/src/rp2_common/hardware_gpio/gpio.c.obj
                0x10001310                gpio_set_input_enabled
 .text.gpio_init
                0x10001338       0x3c CMakeFiles/contador_dec.dir/C_/Users/pedro/.pico-sdk/sdk/1.5.1/src/rp2_common/hardware_gpio/gpio.c.obj
                0x10001338                gpio_init
 .text.running_on_fpga
                0x10001374       0x10 CMakeFiles/contador_dec.dir/C_/Users/pedro/.pico-sdk/sdk/1.5.1/src/rp2_common/pico_platform/platform.c.obj
                0x10001374                running_on_fpga
 .text.hw_claim_lock
                0x10001384       0x18 CMakeFiles/contador_dec.dir/C_/Users/pedro/.pico-sdk/sdk/1.5.1/src/rp2_common/hardware_claim/claim.c.obj
                0x10001384                hw_claim_lock
 .text.hw_claim_unlock
                0x1000139c       0x14 CMakeFiles/contador_dec.dir/C_/Users/pedro/.pico-sdk/sdk/1.5.1/src/rp2_common/hardware_claim/claim.c.obj
                0x1000139c                hw_claim_unlock
 .text.hw_claim_or_assert
                0x100013b0       0x44 CMakeFiles/contador_dec.dir/C_/Users/pedro/.pico-sdk/sdk/1.5.1/src/rp2_common/hardware_claim/claim.c.obj
                0x100013b0                hw_claim_or_assert
 .text.hw_claim_unused_from_range
                0x100013f4       0x9c CMakeFiles/contador_dec.dir/C_/Users/pedro/.pico-sdk/sdk/1.5.1/src/rp2_common/hardware_claim/claim.c.obj
                0x100013f4                hw_claim_unused_from_range
 .text.hw_claim_clear
                0x10001490       0x38 CMakeFiles/contador_dec.dir/C_/Users/pedro/.pico-sdk/sdk/1.5.1/src/rp2_common/hardware_claim/claim.c.obj
                0x10001490                hw_claim_clear
 .text.spin_locks_reset
                0x100014c8       0x1c CMakeFiles/contador_dec.dir/C_/Users/pedro/.pico-sdk/sdk/1.5.1/src/rp2_common/hardware_sync/sync.c.obj
                0x100014c8                spin_locks_reset
 .text.next_striped_spin_lock_num
                0x100014e4       0x18 CMakeFiles/contador_dec.dir/C_/Users/pedro/.pico-sdk/sdk/1.5.1/src/rp2_common/hardware_sync/sync.c.obj
                0x100014e4                next_striped_spin_lock_num
 .text.spin_lock_claim_unused
                0x100014fc       0x24 CMakeFiles/contador_dec.dir/C_/Users/pedro/.pico-sdk/sdk/1.5.1/src/rp2_common/hardware_sync/sync.c.obj
                0x100014fc                spin_lock_claim_unused
 .text.irq_set_enabled
                0x10001520       0x24 CMakeFiles/contador_dec.dir/C_/Users/pedro/.pico-sdk/sdk/1.5.1/src/rp2_common/hardware_irq/irq.c.obj
                0x10001520                irq_set_enabled
 .text.irq_set_pending
                0x10001544       0x10 CMakeFiles/contador_dec.dir/C_/Users/pedro/.pico-sdk/sdk/1.5.1/src/rp2_common/hardware_irq/irq.c.obj
                0x10001544                irq_set_pending
 .text.irq_has_shared_handler
                0x10001554       0x2c CMakeFiles/contador_dec.dir/C_/Users/pedro/.pico-sdk/sdk/1.5.1/src/rp2_common/hardware_irq/irq.c.obj
                0x10001554                irq_has_shared_handler
 .text.irq_get_vtable_handler
                0x10001580       0x10 CMakeFiles/contador_dec.dir/C_/Users/pedro/.pico-sdk/sdk/1.5.1/src/rp2_common/hardware_irq/irq.c.obj
                0x10001580                irq_get_vtable_handler
 .text.irq_set_exclusive_handler
                0x10001590       0x54 CMakeFiles/contador_dec.dir/C_/Users/pedro/.pico-sdk/sdk/1.5.1/src/rp2_common/hardware_irq/irq.c.obj
                0x10001590                irq_set_exclusive_handler
 .text.irq_add_shared_handler
                0x100015e4      0x1f4 CMakeFiles/contador_dec.dir/C_/Users/pedro/.pico-sdk/sdk/1.5.1/src/rp2_common/hardware_irq/irq.c.obj
                0x100015e4                irq_add_shared_handler
 .text.irq_remove_handler
                0x100017d8      0x1c4 CMakeFiles/contador_dec.dir/C_/Users/pedro/.pico-sdk/sdk/1.5.1/src/rp2_common/hardware_irq/irq.c.obj
                0x100017d8                irq_remove_handler
 .text.irq_set_priority
                0x1000199c       0x28 CMakeFiles/contador_dec.dir/C_/Users/pedro/.pico-sdk/sdk/1.5.1/src/rp2_common/hardware_irq/irq.c.obj
                0x1000199c                irq_set_priority
 .text.irq_add_tail_to_free_list
                0x100019c4       0xb4 CMakeFiles/contador_dec.dir/C_/Users/pedro/.pico-sdk/sdk/1.5.1/src/rp2_common/hardware_irq/irq.c.obj
                0x100019c4                irq_add_tail_to_free_list
 .text.irq_init_priorities
                0x10001a78       0x24 CMakeFiles/contador_dec.dir/C_/Users/pedro/.pico-sdk/sdk/1.5.1/src/rp2_common/hardware_irq/irq.c.obj
                0x10001a78                irq_init_priorities
 .text.user_irq_unclaim
                0x10001a9c       0x14 CMakeFiles/contador_dec.dir/C_/Users/pedro/.pico-sdk/sdk/1.5.1/src/rp2_common/hardware_irq/irq.c.obj
                0x10001a9c                user_irq_unclaim
 .text.user_irq_claim_unused
                0x10001ab0       0x2c CMakeFiles/contador_dec.dir/C_/Users/pedro/.pico-sdk/sdk/1.5.1/src/rp2_common/hardware_irq/irq.c.obj
                0x10001ab0                user_irq_claim_unused
 .text.sem_init
                0x10001adc       0x20 CMakeFiles/contador_dec.dir/C_/Users/pedro/.pico-sdk/sdk/1.5.1/src/common/pico_sync/sem.c.obj
                0x10001adc                sem_init
 .text.lock_init
                0x10001afc       0x10 CMakeFiles/contador_dec.dir/C_/Users/pedro/.pico-sdk/sdk/1.5.1/src/common/pico_sync/lock_core.c.obj
                0x10001afc                lock_init
 .text.mutex_init
                0x10001b0c       0x1c CMakeFiles/contador_dec.dir/C_/Users/pedro/.pico-sdk/sdk/1.5.1/src/common/pico_sync/mutex.c.obj
                0x10001b0c                mutex_init
 .text.recursive_mutex_init
                0x10001b28       0x1c CMakeFiles/contador_dec.dir/C_/Users/pedro/.pico-sdk/sdk/1.5.1/src/common/pico_sync/mutex.c.obj
                0x10001b28                recursive_mutex_init
 .text.critical_section_init
                0x10001b44       0x1c CMakeFiles/contador_dec.dir/C_/Users/pedro/.pico-sdk/sdk/1.5.1/src/common/pico_sync/critical_section.c.obj
                0x10001b44                critical_section_init
 .text.critical_section_init_with_lock_num
                0x10001b60       0x14 CMakeFiles/contador_dec.dir/C_/Users/pedro/.pico-sdk/sdk/1.5.1/src/common/pico_sync/critical_section.c.obj
                0x10001b60                critical_section_init_with_lock_num
 .text.timer_pool_entry_comparator
                0x10001b74       0x34 CMakeFiles/contador_dec.dir/C_/Users/pedro/.pico-sdk/sdk/1.5.1/src/common/pico_time/time.c.obj
                0x10001b74                timer_pool_entry_comparator
 .text.sleep_until_callback
                0x10001ba8       0x30 CMakeFiles/contador_dec.dir/C_/Users/pedro/.pico-sdk/sdk/1.5.1/src/common/pico_time/time.c.obj
 .text.add_alarm_under_lock.isra.0
                0x10001bd8      0x100 CMakeFiles/contador_dec.dir/C_/Users/pedro/.pico-sdk/sdk/1.5.1/src/common/pico_time/time.c.obj
 .text.alarm_pool_alarm_callback
                0x10001cd8      0x1c0 CMakeFiles/contador_dec.dir/C_/Users/pedro/.pico-sdk/sdk/1.5.1/src/common/pico_time/time.c.obj
 .text.alarm_pool_init_default
                0x10001e98       0x6c CMakeFiles/contador_dec.dir/C_/Users/pedro/.pico-sdk/sdk/1.5.1/src/common/pico_time/time.c.obj
                0x10001e98                alarm_pool_init_default
 .text.alarm_pool_get_default
                0x10001f04        0x8 CMakeFiles/contador_dec.dir/C_/Users/pedro/.pico-sdk/sdk/1.5.1/src/common/pico_time/time.c.obj
                0x10001f04                alarm_pool_get_default
 .text.alarm_pool_add_alarm_at
                0x10001f0c      0x17c CMakeFiles/contador_dec.dir/C_/Users/pedro/.pico-sdk/sdk/1.5.1/src/common/pico_time/time.c.obj
                0x10001f0c                alarm_pool_add_alarm_at
 .text.alarm_pool_cancel_alarm
                0x10002088       0x70 CMakeFiles/contador_dec.dir/C_/Users/pedro/.pico-sdk/sdk/1.5.1/src/common/pico_time/time.c.obj
                0x10002088                alarm_pool_cancel_alarm
 .text.alarm_pool_core_num
                0x100020f8        0x4 CMakeFiles/contador_dec.dir/C_/Users/pedro/.pico-sdk/sdk/1.5.1/src/common/pico_time/time.c.obj
                0x100020f8                alarm_pool_core_num
 .text.sleep_until
                0x100020fc       0xc4 CMakeFiles/contador_dec.dir/C_/Users/pedro/.pico-sdk/sdk/1.5.1/src/common/pico_time/time.c.obj
                0x100020fc                sleep_until
 .text.sleep_ms
                0x100021c0       0x38 CMakeFiles/contador_dec.dir/C_/Users/pedro/.pico-sdk/sdk/1.5.1/src/common/pico_time/time.c.obj
                0x100021c0                sleep_ms
 .text.best_effort_wfe_or_timeout
                0x100021f8       0xcc CMakeFiles/contador_dec.dir/C_/Users/pedro/.pico-sdk/sdk/1.5.1/src/common/pico_time/time.c.obj
                0x100021f8                best_effort_wfe_or_timeout
 .text.hardware_alarm_irq_handler
                0x100022c4       0xbc CMakeFiles/contador_dec.dir/C_/Users/pedro/.pico-sdk/sdk/1.5.1/src/rp2_common/hardware_timer/timer.c.obj
 .text.hardware_alarm_claim
                0x10002380       0x18 CMakeFiles/contador_dec.dir/C_/Users/pedro/.pico-sdk/sdk/1.5.1/src/rp2_common/hardware_timer/timer.c.obj
                0x10002380                hardware_alarm_claim
 .text.time_us_64
                0x10002398       0x14 CMakeFiles/contador_dec.dir/C_/Users/pedro/.pico-sdk/sdk/1.5.1/src/rp2_common/hardware_timer/timer.c.obj
                0x10002398                time_us_64
 .text.busy_wait_until
                0x100023ac       0x20 CMakeFiles/contador_dec.dir/C_/Users/pedro/.pico-sdk/sdk/1.5.1/src/rp2_common/hardware_timer/timer.c.obj
                0x100023ac                busy_wait_until
 .text.hardware_alarm_set_callback
                0x100023cc       0x8c CMakeFiles/contador_dec.dir/C_/Users/pedro/.pico-sdk/sdk/1.5.1/src/rp2_common/hardware_timer/timer.c.obj
                0x100023cc                hardware_alarm_set_callback
 .text.hardware_alarm_set_target
                0x10002458       0xd0 CMakeFiles/contador_dec.dir/C_/Users/pedro/.pico-sdk/sdk/1.5.1/src/rp2_common/hardware_timer/timer.c.obj
                0x10002458                hardware_alarm_set_target
 .text.hardware_alarm_cancel
                0x10002528       0x3c CMakeFiles/contador_dec.dir/C_/Users/pedro/.pico-sdk/sdk/1.5.1/src/rp2_common/hardware_timer/timer.c.obj
                0x10002528                hardware_alarm_cancel
 .text.ph_merge_nodes
                0x10002564       0x58 CMakeFiles/contador_dec.dir/C_/Users/pedro/.pico-sdk/sdk/1.5.1/src/common/pico_util/pheap.c.obj
 .text.ph_post_alloc_init
                0x100025bc       0x3c CMakeFiles/contador_dec.dir/C_/Users/pedro/.pico-sdk/sdk/1.5.1/src/common/pico_util/pheap.c.obj
                0x100025bc                ph_post_alloc_init
 .text.ph_merge_two_pass
                0x100025f8       0x8c CMakeFiles/contador_dec.dir/C_/Users/pedro/.pico-sdk/sdk/1.5.1/src/common/pico_util/pheap.c.obj
                0x100025f8                ph_merge_two_pass
 .text.ph_remove_any_head
                0x10002684      0x100 CMakeFiles/contador_dec.dir/C_/Users/pedro/.pico-sdk/sdk/1.5.1/src/common/pico_util/pheap.c.obj
 .text.ph_remove_head
                0x10002784      0x104 CMakeFiles/contador_dec.dir/C_/Users/pedro/.pico-sdk/sdk/1.5.1/src/common/pico_util/pheap.c.obj
                0x10002784                ph_remove_head
 .text.ph_remove_and_free_node
                0x10002888       0x78 CMakeFiles/contador_dec.dir/C_/Users/pedro/.pico-sdk/sdk/1.5.1/src/common/pico_util/pheap.c.obj
                0x10002888                ph_remove_and_free_node
 .text.clocks_init
                0x10002900      0x2c8 CMakeFiles/contador_dec.dir/C_/Users/pedro/.pico-sdk/sdk/1.5.1/src/rp2_common/hardware_clocks/clocks.c.obj
                0x10002900                clocks_init
 .text.clock_get_hz
                0x10002bc8        0xc CMakeFiles/contador_dec.dir/C_/Users/pedro/.pico-sdk/sdk/1.5.1/src/rp2_common/hardware_clocks/clocks.c.obj
                0x10002bc8                clock_get_hz
 .text.pll_init
                0x10002bd4       0xa4 CMakeFiles/contador_dec.dir/C_/Users/pedro/.pico-sdk/sdk/1.5.1/src/rp2_common/hardware_pll/pll.c.obj
                0x10002bd4                pll_init
 .text.watchdog_start_tick
                0x10002c78       0x10 CMakeFiles/contador_dec.dir/C_/Users/pedro/.pico-sdk/sdk/1.5.1/src/rp2_common/hardware_watchdog/watchdog.c.obj
                0x10002c78                watchdog_start_tick
 .text.watchdog_reboot
                0x10002c88       0x9c CMakeFiles/contador_dec.dir/C_/Users/pedro/.pico-sdk/sdk/1.5.1/src/rp2_common/hardware_watchdog/watchdog.c.obj
                0x10002c88                watchdog_reboot
 .text.xosc_init
                0x10002d24       0x28 CMakeFiles/contador_dec.dir/C_/Users/pedro/.pico-sdk/sdk/1.5.1/src/rp2_common/hardware_xosc/xosc.c.obj
                0x10002d24                xosc_init
 .text.runtime_init
                0x10002d4c       0xf0 CMakeFiles/contador_dec.dir/C_/Users/pedro/.pico-sdk/sdk/1.5.1/src/rp2_common/pico_runtime/runtime.c.obj
                0x10002d4c                runtime_init
 .text._exit    0x10002e3c        0x4 CMakeFiles/contador_dec.dir/C_/Users/pedro/.pico-sdk/sdk/1.5.1/src/rp2_common/pico_runtime/runtime.c.obj
                0x10002e3c                _exit
 .text._sbrk    0x10002e40       0x34 CMakeFiles/contador_dec.dir/C_/Users/pedro/.pico-sdk/sdk/1.5.1/src/rp2_common/pico_runtime/runtime.c.obj
                0x10002e40                _sbrk
 .text.exit     0x10002e74        0x8 CMakeFiles/contador_dec.dir/C_/Users/pedro/.pico-sdk/sdk/1.5.1/src/rp2_common/pico_runtime/runtime.c.obj
                0x10002e74                exit
 .text.panic    0x10002e7c       0x30 CMakeFiles/contador_dec.dir/C_/Users/pedro/.pico-sdk/sdk/1.5.1/src/rp2_common/pico_runtime/runtime.c.obj
                0x10002e7c                panic
 .text.hard_assertion_failure
                0x10002eac        0xc CMakeFiles/contador_dec.dir/C_/Users/pedro/.pico-sdk/sdk/1.5.1/src/rp2_common/pico_runtime/runtime.c.obj
                0x10002eac                hard_assertion_failure
 .text._out_buffer
                0x10002eb8        0x8 CMakeFiles/contador_dec.dir/C_/Users/pedro/.pico-sdk/sdk/1.5.1/src/rp2_common/pico_printf/printf.c.obj
 .text._out_null
                0x10002ec0        0x4 CMakeFiles/contador_dec.dir/C_/Users/pedro/.pico-sdk/sdk/1.5.1/src/rp2_common/pico_printf/printf.c.obj
 .text._out_rev
                0x10002ec4       0xac CMakeFiles/contador_dec.dir/C_/Users/pedro/.pico-sdk/sdk/1.5.1/src/rp2_common/pico_printf/printf.c.obj
 .text._ntoa_format
                0x10002f70      0x250 CMakeFiles/contador_dec.dir/C_/Users/pedro/.pico-sdk/sdk/1.5.1/src/rp2_common/pico_printf/printf.c.obj
 .text._out_char
                0x100031c0       0x10 CMakeFiles/contador_dec.dir/C_/Users/pedro/.pico-sdk/sdk/1.5.1/src/rp2_common/pico_printf/printf.c.obj
 .text._out_fct
                0x100031d0       0x10 CMakeFiles/contador_dec.dir/C_/Users/pedro/.pico-sdk/sdk/1.5.1/src/rp2_common/pico_printf/printf.c.obj
 .text._etoa    0x100031e0      0x464 CMakeFiles/contador_dec.dir/C_/Users/pedro/.pico-sdk/sdk/1.5.1/src/rp2_common/pico_printf/printf.c.obj
 .text._ftoa    0x10003644      0x3c0 CMakeFiles/contador_dec.dir/C_/Users/pedro/.pico-sdk/sdk/1.5.1/src/rp2_common/pico_printf/printf.c.obj
 .text._vsnprintf
                0x10003a04      0xbc8 CMakeFiles/contador_dec.dir/C_/Users/pedro/.pico-sdk/sdk/1.5.1/src/rp2_common/pico_printf/printf.c.obj
 .text.__wrap_sprintf
                0x100045cc       0x2c CMakeFiles/contador_dec.dir/C_/Users/pedro/.pico-sdk/sdk/1.5.1/src/rp2_common/pico_printf/printf.c.obj
                0x100045cc                __wrap_sprintf
 .text.vfctprintf
                0x100045f8       0x20 CMakeFiles/contador_dec.dir/C_/Users/pedro/.pico-sdk/sdk/1.5.1/src/rp2_common/pico_printf/printf.c.obj
                0x100045f8                vfctprintf
 .text.weak_raw_vprintf
                0x10004618       0x30 CMakeFiles/contador_dec.dir/C_/Users/pedro/.pico-sdk/sdk/1.5.1/src/rp2_common/pico_printf/printf.c.obj
                0x10004618                weak_raw_vprintf
 .text          0x10004648       0x10 CMakeFiles/contador_dec.dir/C_/Users/pedro/.pico-sdk/sdk/1.5.1/src/rp2_common/pico_bit_ops/bit_ops_aeabi.S.obj
 .text.rom_func_lookup
                0x10004658       0x10 CMakeFiles/contador_dec.dir/C_/Users/pedro/.pico-sdk/sdk/1.5.1/src/rp2_common/pico_bootrom/bootrom.c.obj
                0x10004658                rom_func_lookup
 .text.rom_data_lookup
                0x10004668       0x10 CMakeFiles/contador_dec.dir/C_/Users/pedro/.pico-sdk/sdk/1.5.1/src/rp2_common/pico_bootrom/bootrom.c.obj
                0x10004668                rom_data_lookup
 .text.rom_funcs_lookup
                0x10004678       0x44 CMakeFiles/contador_dec.dir/C_/Users/pedro/.pico-sdk/sdk/1.5.1/src/rp2_common/pico_bootrom/bootrom.c.obj
                0x10004678                rom_funcs_lookup
 .text.__wrap___aeabi_idiv
                0x100046bc       0x50 CMakeFiles/contador_dec.dir/C_/Users/pedro/.pico-sdk/sdk/1.5.1/src/rp2_common/pico_divider/divider.S.obj
                0x100046bc                __wrap___aeabi_idivmod
                0x100046bc                divmod_s32s32
                0x100046bc                div_s32s32
                0x100046bc                __wrap___aeabi_idiv
                0x100046c4                divmod_s32s32_unsafe
                0x100046f0                divmod_s32s32_savestate
 .text.__wrap___aeabi_uidiv
                0x1000470c       0x4c CMakeFiles/contador_dec.dir/C_/Users/pedro/.pico-sdk/sdk/1.5.1/src/rp2_common/pico_divider/divider.S.obj
                0x1000470c                __wrap___aeabi_uidiv
                0x1000470c                __wrap___aeabi_uidivmod
                0x1000470c                div_u32u32
                0x1000470c                divmod_u32u32
                0x10004714                divmod_u32u32_unsafe
                0x1000473c                divmod_u32u32_savestate
 .text.__wrap___aeabi_ldiv
                0x10004758      0x424 CMakeFiles/contador_dec.dir/C_/Users/pedro/.pico-sdk/sdk/1.5.1/src/rp2_common/pico_divider/divider.S.obj
                0x10004758                div_s64s64
                0x10004758                divmod_s64s64
                0x10004758                __wrap___aeabi_ldivmod
                0x10004788                divmod_u64u64
                0x10004788                div_u64u64
                0x10004788                __wrap___aeabi_uldivmod
                0x10004798                divmod_u64u64_savestate
                0x100047b8                divmod_s64s64_unsafe
                0x10004840                divmod_u64u64_unsafe
 .text.__wrap___aeabi_darithmetic
                0x10004b7c       0x60 CMakeFiles/contador_dec.dir/C_/Users/pedro/.pico-sdk/sdk/1.5.1/src/rp2_common/pico_double/double_aeabi.S.obj
                0x10004b7c                __wrap___aeabi_drsub
                0x10004b82                __wrap___aeabi_dsub
                0x10004b8c                __wrap___aeabi_dadd
                0x10004b96                __wrap___aeabi_ddiv
                0x10004bca                __wrap___aeabi_dmul
 .text.__wrap___aeabi_cdcmple
                0x10004bdc       0x6c CMakeFiles/contador_dec.dir/C_/Users/pedro/.pico-sdk/sdk/1.5.1/src/rp2_common/pico_double/double_aeabi.S.obj
                0x10004bdc                __wrap___aeabi_cdrcmple
                0x10004bec                __wrap___aeabi_cdcmpeq
                0x10004bec                __wrap___aeabi_cdcmple
 .text.__wrap___aeabi_dcmplt
                0x10004c48        0xc CMakeFiles/contador_dec.dir/C_/Users/pedro/.pico-sdk/sdk/1.5.1/src/rp2_common/pico_double/double_aeabi.S.obj
                0x10004c48                __wrap___aeabi_dcmplt
 .text.__wrap___aeabi_dcmpge
                0x10004c54       0x10 CMakeFiles/contador_dec.dir/C_/Users/pedro/.pico-sdk/sdk/1.5.1/src/rp2_common/pico_double/double_aeabi.S.obj
                0x10004c54                __wrap___aeabi_dcmpge
 .text.__wrap___aeabi_dcmpgt
                0x10004c64        0xa CMakeFiles/contador_dec.dir/C_/Users/pedro/.pico-sdk/sdk/1.5.1/src/rp2_common/pico_double/double_aeabi.S.obj
                0x10004c64                __wrap___aeabi_dcmpgt
 .text.__wrap___aeabi_dcmpun
                0x10004c6e       0x1c CMakeFiles/contador_dec.dir/C_/Users/pedro/.pico-sdk/sdk/1.5.1/src/rp2_common/pico_double/double_aeabi.S.obj
                0x10004c6e                __wrap___aeabi_dcmpun
 *fill*         0x10004c8a        0x2 
 .text.__wrap___aeabi_i2d
                0x10004c8c       0x38 CMakeFiles/contador_dec.dir/C_/Users/pedro/.pico-sdk/sdk/1.5.1/src/rp2_common/pico_double/double_aeabi.S.obj
                0x10004c8c                __wrap___aeabi_ui2d
                0x10004c94                __wrap___aeabi_i2d
 .text.__wrap___aeabi_d2iz
                0x10004cc4       0x48 CMakeFiles/contador_dec.dir/C_/Users/pedro/.pico-sdk/sdk/1.5.1/src/rp2_common/pico_double/double_aeabi.S.obj
                0x10004cc4                double2int_z
                0x10004cc4                __wrap___aeabi_d2iz
 .text.__wrap___aeabi_d2uiz
                0x10004d0c       0x10 CMakeFiles/contador_dec.dir/C_/Users/pedro/.pico-sdk/sdk/1.5.1/src/rp2_common/pico_double/double_aeabi.S.obj
                0x10004d0c                __wrap___aeabi_d2uiz
                0x10004d0c                double2uint
 .text.missing_double_func_shim
                0x10004d1c        0xc CMakeFiles/contador_dec.dir/C_/Users/pedro/.pico-sdk/sdk/1.5.1/src/rp2_common/pico_double/double_init_rom.c.obj
 .text.__aeabi_double_init
                0x10004d28       0x94 CMakeFiles/contador_dec.dir/C_/Users/pedro/.pico-sdk/sdk/1.5.1/src/rp2_common/pico_double/double_init_rom.c.obj
                0x10004d28                __aeabi_double_init
 .text.double_table_shim_on_use_helper
                0x10004dbc       0x2c CMakeFiles/contador_dec.dir/C_/Users/pedro/.pico-sdk/sdk/1.5.1/src/rp2_common/pico_double/double_v1_rom_shim.S.obj
                0x10004dbc                double_table_shim_on_use_helper
 .text.__aeabi_lmul
                0x10004de8       0x32 CMakeFiles/contador_dec.dir/C_/Users/pedro/.pico-sdk/sdk/1.5.1/src/rp2_common/pico_int64_ops/pico_int64_ops_aeabi.S.obj
                0x10004de8                __wrap___aeabi_lmul
 *fill*         0x10004e1a        0x2 
 .text.__wrap___aeabi_farithmetic
                0x10004e1c       0x48 CMakeFiles/contador_dec.dir/C_/Users/pedro/.pico-sdk/sdk/1.5.1/src/rp2_common/pico_float/float_aeabi.S.obj
                0x10004e1c                __wrap___aeabi_frsub
                0x10004e22                __wrap___aeabi_fsub
                0x10004e28                __wrap___aeabi_fadd
                0x10004e2e                __wrap___aeabi_fdiv
                0x10004e56                __wrap___aeabi_fmul
 .text.__wrap___aeabi_ui2f
                0x10004e64        0xa CMakeFiles/contador_dec.dir/C_/Users/pedro/.pico-sdk/sdk/1.5.1/src/rp2_common/pico_float/float_aeabi.S.obj
                0x10004e64                __wrap___aeabi_ui2f
 *fill*         0x10004e6e        0x2 
 .text.__wrap___aeabi_i2f
                0x10004e70       0x44 CMakeFiles/contador_dec.dir/C_/Users/pedro/.pico-sdk/sdk/1.5.1/src/rp2_common/pico_float/float_aeabi.S.obj
                0x10004e70                __wrap___aeabi_i2f
 .text.__wrap___aeabi_f2uiz
                0x10004eb4        0xc CMakeFiles/contador_dec.dir/C_/Users/pedro/.pico-sdk/sdk/1.5.1/src/rp2_common/pico_float/float_aeabi.S.obj
                0x10004eb4                __wrap___aeabi_f2uiz
 .text.missing_float_func_shim
                0x10004ec0        0xc CMakeFiles/contador_dec.dir/C_/Users/pedro/.pico-sdk/sdk/1.5.1/src/rp2_common/pico_float/float_init_rom.c.obj
 .text.__aeabi_float_init
                0x10004ecc       0x5c CMakeFiles/contador_dec.dir/C_/Users/pedro/.pico-sdk/sdk/1.5.1/src/rp2_common/pico_float/float_init_rom.c.obj
                0x10004ecc                __aeabi_float_init
 .text.__wrap_malloc
                0x10004f28       0x24 CMakeFiles/contador_dec.dir/C_/Users/pedro/.pico-sdk/sdk/1.5.1/src/rp2_common/pico_malloc/pico_malloc.c.obj
                0x10004f28                __wrap_malloc
 .text.__wrap_free
                0x10004f4c        0x8 CMakeFiles/contador_dec.dir/C_/Users/pedro/.pico-sdk/sdk/1.5.1/src/rp2_common/pico_malloc/pico_malloc.c.obj
                0x10004f4c                __wrap_free
 .text          0x10004f54       0x10 CMakeFiles/contador_dec.dir/C_/Users/pedro/.pico-sdk/sdk/1.5.1/src/rp2_common/pico_mem_ops/mem_ops_aeabi.S.obj
                0x10004f54                __aeabi_mem_init
 .text.memset   0x10004f64        0xc CMakeFiles/contador_dec.dir/C_/Users/pedro/.pico-sdk/sdk/1.5.1/src/rp2_common/pico_mem_ops/mem_ops_aeabi.S.obj
                0x10004f64                __wrap_memset
 .text.memcpy   0x10004f70        0xc CMakeFiles/contador_dec.dir/C_/Users/pedro/.pico-sdk/sdk/1.5.1/src/rp2_common/pico_mem_ops/mem_ops_aeabi.S.obj
                0x10004f70                __wrap_memcpy
                0x10004f70                __wrap___aeabi_memcpy
 .text.stdio_out_chars_crlf
                0x10004f7c       0x94 CMakeFiles/contador_dec.dir/C_/Users/pedro/.pico-sdk/sdk/1.5.1/src/rp2_common/pico_stdio/stdio.c.obj
 .text.stdio_buffered_printer
                0x10005010       0x64 CMakeFiles/contador_dec.dir/C_/Users/pedro/.pico-sdk/sdk/1.5.1/src/rp2_common/pico_stdio/stdio.c.obj
 .text.__wrap_putchar
                0x10005074       0x98 CMakeFiles/contador_dec.dir/C_/Users/pedro/.pico-sdk/sdk/1.5.1/src/rp2_common/pico_stdio/stdio.c.obj
                0x10005074                __wrap_putchar
 .text.__wrap_puts
                0x1000510c       0xe0 CMakeFiles/contador_dec.dir/C_/Users/pedro/.pico-sdk/sdk/1.5.1/src/rp2_common/pico_stdio/stdio.c.obj
                0x1000510c                __wrap_puts
 .text.stdio_set_driver_enabled
                0x100051ec       0x30 CMakeFiles/contador_dec.dir/C_/Users/pedro/.pico-sdk/sdk/1.5.1/src/rp2_common/pico_stdio/stdio.c.obj
                0x100051ec                stdio_set_driver_enabled
 .text.__wrap_vprintf
                0x1000521c       0xd4 CMakeFiles/contador_dec.dir/C_/Users/pedro/.pico-sdk/sdk/1.5.1/src/rp2_common/pico_stdio/stdio.c.obj
                0x1000521c                __wrap_vprintf
 .text.__wrap_printf
                0x100052f0       0x18 CMakeFiles/contador_dec.dir/C_/Users/pedro/.pico-sdk/sdk/1.5.1/src/rp2_common/pico_stdio/stdio.c.obj
                0x100052f0                __wrap_printf
 .text.stdio_init_all
                0x10005308        0x8 CMakeFiles/contador_dec.dir/C_/Users/pedro/.pico-sdk/sdk/1.5.1/src/rp2_common/pico_stdio/stdio.c.obj
                0x10005308                stdio_init_all
 .text.resetd_init
                0x10005310        0x4 CMakeFiles/contador_dec.dir/C_/Users/pedro/.pico-sdk/sdk/1.5.1/src/rp2_common/pico_stdio_usb/reset_interface.c.obj
 .text.resetd_reset
                0x10005314        0xc CMakeFiles/contador_dec.dir/C_/Users/pedro/.pico-sdk/sdk/1.5.1/src/rp2_common/pico_stdio_usb/reset_interface.c.obj
 .text.resetd_open
                0x10005320       0x28 CMakeFiles/contador_dec.dir/C_/Users/pedro/.pico-sdk/sdk/1.5.1/src/rp2_common/pico_stdio_usb/reset_interface.c.obj
 .text.resetd_xfer_cb
                0x10005348        0x4 CMakeFiles/contador_dec.dir/C_/Users/pedro/.pico-sdk/sdk/1.5.1/src/rp2_common/pico_stdio_usb/reset_interface.c.obj
 .text.resetd_control_xfer_cb
                0x1000534c       0x60 CMakeFiles/contador_dec.dir/C_/Users/pedro/.pico-sdk/sdk/1.5.1/src/rp2_common/pico_stdio_usb/reset_interface.c.obj
 .text.usbd_app_driver_get_cb
                0x100053ac        0xc CMakeFiles/contador_dec.dir/C_/Users/pedro/.pico-sdk/sdk/1.5.1/src/rp2_common/pico_stdio_usb/reset_interface.c.obj
                0x100053ac                usbd_app_driver_get_cb
 .text.tud_cdc_line_coding_cb
                0x100053b8       0x34 CMakeFiles/contador_dec.dir/C_/Users/pedro/.pico-sdk/sdk/1.5.1/src/rp2_common/pico_stdio_usb/reset_interface.c.obj
                0x100053b8                tud_cdc_line_coding_cb
 .text.stdio_usb_set_chars_available_callback
                0x100053ec       0x14 CMakeFiles/contador_dec.dir/C_/Users/pedro/.pico-sdk/sdk/1.5.1/src/rp2_common/pico_stdio_usb/stdio_usb.c.obj
                0x100053ec                stdio_usb_set_chars_available_callback
 .text.usb_irq  0x10005400       0x10 CMakeFiles/contador_dec.dir/C_/Users/pedro/.pico-sdk/sdk/1.5.1/src/rp2_common/pico_stdio_usb/stdio_usb.c.obj
 .text.timer_task
                0x10005410       0x54 CMakeFiles/contador_dec.dir/C_/Users/pedro/.pico-sdk/sdk/1.5.1/src/rp2_common/pico_stdio_usb/stdio_usb.c.obj
 .text.stdio_usb_in_chars
                0x10005464       0x90 CMakeFiles/contador_dec.dir/C_/Users/pedro/.pico-sdk/sdk/1.5.1/src/rp2_common/pico_stdio_usb/stdio_usb.c.obj
                0x10005464                stdio_usb_in_chars
 .text.stdio_usb_out_chars
                0x100054f4      0x104 CMakeFiles/contador_dec.dir/C_/Users/pedro/.pico-sdk/sdk/1.5.1/src/rp2_common/pico_stdio_usb/stdio_usb.c.obj
 .text.low_priority_worker_irq
                0x100055f8       0xa8 CMakeFiles/contador_dec.dir/C_/Users/pedro/.pico-sdk/sdk/1.5.1/src/rp2_common/pico_stdio_usb/stdio_usb.c.obj
 .text.tud_cdc_rx_cb
                0x100056a0       0x20 CMakeFiles/contador_dec.dir/C_/Users/pedro/.pico-sdk/sdk/1.5.1/src/rp2_common/pico_stdio_usb/stdio_usb.c.obj
                0x100056a0                tud_cdc_rx_cb
 .text.stdio_usb_init
                0x100056c0       0xe0 CMakeFiles/contador_dec.dir/C_/Users/pedro/.pico-sdk/sdk/1.5.1/src/rp2_common/pico_stdio_usb/stdio_usb.c.obj
                0x100056c0                stdio_usb_init
 .text.tud_descriptor_device_cb
                0x100057a0        0x8 CMakeFiles/contador_dec.dir/C_/Users/pedro/.pico-sdk/sdk/1.5.1/src/rp2_common/pico_stdio_usb/stdio_usb_descriptors.c.obj
                0x100057a0                tud_descriptor_device_cb
 .text.tud_descriptor_configuration_cb
                0x100057a8        0x8 CMakeFiles/contador_dec.dir/C_/Users/pedro/.pico-sdk/sdk/1.5.1/src/rp2_common/pico_stdio_usb/stdio_usb_descriptors.c.obj
                0x100057a8                tud_descriptor_configuration_cb
 .text.tud_descriptor_string_cb
                0x100057b0       0x78 CMakeFiles/contador_dec.dir/C_/Users/pedro/.pico-sdk/sdk/1.5.1/src/rp2_common/pico_stdio_usb/stdio_usb_descriptors.c.obj
                0x100057b0                tud_descriptor_string_cb
 .text.startup._retrieve_unique_id_on_boot
                0x10005828       0x10 CMakeFiles/contador_dec.dir/C_/Users/pedro/.pico-sdk/sdk/1.5.1/src/rp2_common/pico_unique_id/unique_id.c.obj
 .text.pico_get_unique_board_id_string
                0x10005838      0x1a8 CMakeFiles/contador_dec.dir/C_/Users/pedro/.pico-sdk/sdk/1.5.1/src/rp2_common/pico_unique_id/unique_id.c.obj
                0x10005838                pico_get_unique_board_id_string
 .text.flash_get_unique_id
                0x100059e0       0x3c CMakeFiles/contador_dec.dir/C_/Users/pedro/.pico-sdk/sdk/1.5.1/src/rp2_common/hardware_flash/flash.c.obj
                0x100059e0                flash_get_unique_id
 .text.dcd_int_enable
                0x10005a1c        0xc CMakeFiles/contador_dec.dir/C_/Users/pedro/.pico-sdk/sdk/1.5.1/lib/tinyusb/src/portable/raspberrypi/rp2040/dcd_rp2040.c.obj
                0x10005a1c                dcd_int_enable
 .text.dcd_set_address
                0x10005a28       0x14 CMakeFiles/contador_dec.dir/C_/Users/pedro/.pico-sdk/sdk/1.5.1/lib/tinyusb/src/portable/raspberrypi/rp2040/dcd_rp2040.c.obj
                0x10005a28                dcd_set_address
 .text.dcd_connect
                0x10005a3c       0x10 CMakeFiles/contador_dec.dir/C_/Users/pedro/.pico-sdk/sdk/1.5.1/lib/tinyusb/src/portable/raspberrypi/rp2040/dcd_rp2040.c.obj
                0x10005a3c                dcd_connect
 .text.dcd_init
                0x10005a4c       0x98 CMakeFiles/contador_dec.dir/C_/Users/pedro/.pico-sdk/sdk/1.5.1/lib/tinyusb/src/portable/raspberrypi/rp2040/dcd_rp2040.c.obj
                0x10005a4c                dcd_init
 .text.dcd_edpt0_status_complete
                0x10005ae4       0x1c CMakeFiles/contador_dec.dir/C_/Users/pedro/.pico-sdk/sdk/1.5.1/lib/tinyusb/src/portable/raspberrypi/rp2040/dcd_rp2040.c.obj
                0x10005ae4                dcd_edpt0_status_complete
 .text.dcd_edpt_open
                0x10005b00      0x108 CMakeFiles/contador_dec.dir/C_/Users/pedro/.pico-sdk/sdk/1.5.1/lib/tinyusb/src/portable/raspberrypi/rp2040/dcd_rp2040.c.obj
                0x10005b00                dcd_edpt_open
 .text.dcd_edpt_close_all
                0x10005c08        0x8 CMakeFiles/contador_dec.dir/C_/Users/pedro/.pico-sdk/sdk/1.5.1/lib/tinyusb/src/portable/raspberrypi/rp2040/dcd_rp2040.c.obj
                0x10005c08                dcd_edpt_close_all
 .text.dcd_edpt_xfer
                0x10005c10       0x24 CMakeFiles/contador_dec.dir/C_/Users/pedro/.pico-sdk/sdk/1.5.1/lib/tinyusb/src/portable/raspberrypi/rp2040/dcd_rp2040.c.obj
                0x10005c10                dcd_edpt_xfer
 .text.dcd_edpt_stall
                0x10005c34       0x34 CMakeFiles/contador_dec.dir/C_/Users/pedro/.pico-sdk/sdk/1.5.1/lib/tinyusb/src/portable/raspberrypi/rp2040/dcd_rp2040.c.obj
                0x10005c34                dcd_edpt_stall
 .text.dcd_edpt_clear_stall
                0x10005c68       0x30 CMakeFiles/contador_dec.dir/C_/Users/pedro/.pico-sdk/sdk/1.5.1/lib/tinyusb/src/portable/raspberrypi/rp2040/dcd_rp2040.c.obj
                0x10005c68                dcd_edpt_clear_stall
 .text.rp2040_usb_init
                0x10005c98       0x4c CMakeFiles/contador_dec.dir/C_/Users/pedro/.pico-sdk/sdk/1.5.1/lib/tinyusb/src/portable/raspberrypi/rp2040/rp2040_usb.c.obj
                0x10005c98                rp2040_usb_init
 .text.hw_endpoint_xfer_start
                0x10005ce4       0x40 CMakeFiles/contador_dec.dir/C_/Users/pedro/.pico-sdk/sdk/1.5.1/lib/tinyusb/src/portable/raspberrypi/rp2040/rp2040_usb.c.obj
                0x10005ce4                hw_endpoint_xfer_start
 .text.tud_mounted
                0x10005d24       0x10 CMakeFiles/contador_dec.dir/C_/Users/pedro/.pico-sdk/sdk/1.5.1/lib/tinyusb/src/device/usbd.c.obj
                0x10005d24                tud_mounted
 .text.tud_suspended
                0x10005d34       0x10 CMakeFiles/contador_dec.dir/C_/Users/pedro/.pico-sdk/sdk/1.5.1/lib/tinyusb/src/device/usbd.c.obj
                0x10005d34                tud_suspended
 .text.tud_inited
                0x10005d44       0x14 CMakeFiles/contador_dec.dir/C_/Users/pedro/.pico-sdk/sdk/1.5.1/lib/tinyusb/src/device/usbd.c.obj
                0x10005d44                tud_inited
 .text.tud_init
                0x10005d58       0xdc CMakeFiles/contador_dec.dir/C_/Users/pedro/.pico-sdk/sdk/1.5.1/lib/tinyusb/src/device/usbd.c.obj
                0x10005d58                tud_init
 .text.tud_task_ext
                0x10005e34      0x850 CMakeFiles/contador_dec.dir/C_/Users/pedro/.pico-sdk/sdk/1.5.1/lib/tinyusb/src/device/usbd.c.obj
                0x10005e34                tud_task_ext
 .text.usbd_open_edpt_pair
                0x10006684       0x9c CMakeFiles/contador_dec.dir/C_/Users/pedro/.pico-sdk/sdk/1.5.1/lib/tinyusb/src/device/usbd.c.obj
                0x10006684                usbd_open_edpt_pair
 .text.usbd_defer_func
                0x10006720       0x48 CMakeFiles/contador_dec.dir/C_/Users/pedro/.pico-sdk/sdk/1.5.1/lib/tinyusb/src/device/usbd.c.obj
                0x10006720                usbd_defer_func
 .text.usbd_edpt_open
                0x10006768       0x34 CMakeFiles/contador_dec.dir/C_/Users/pedro/.pico-sdk/sdk/1.5.1/lib/tinyusb/src/device/usbd.c.obj
                0x10006768                usbd_edpt_open
 .text.usbd_edpt_claim
                0x1000679c       0x28 CMakeFiles/contador_dec.dir/C_/Users/pedro/.pico-sdk/sdk/1.5.1/lib/tinyusb/src/device/usbd.c.obj
                0x1000679c                usbd_edpt_claim
 .text.usbd_edpt_release
                0x100067c4       0x28 CMakeFiles/contador_dec.dir/C_/Users/pedro/.pico-sdk/sdk/1.5.1/lib/tinyusb/src/device/usbd.c.obj
                0x100067c4                usbd_edpt_release
 .text.usbd_edpt_xfer
                0x100067ec       0x4c CMakeFiles/contador_dec.dir/C_/Users/pedro/.pico-sdk/sdk/1.5.1/lib/tinyusb/src/device/usbd.c.obj
                0x100067ec                usbd_edpt_xfer
 .text.tud_control_status
                0x10006838       0x2c CMakeFiles/contador_dec.dir/C_/Users/pedro/.pico-sdk/sdk/1.5.1/lib/tinyusb/src/device/usbd_control.c.obj
                0x10006838                tud_control_status
 .text.tud_control_xfer
                0x10006864       0xac CMakeFiles/contador_dec.dir/C_/Users/pedro/.pico-sdk/sdk/1.5.1/lib/tinyusb/src/device/usbd_control.c.obj
                0x10006864                tud_control_xfer
 .text.usbd_control_reset
                0x10006910       0x14 CMakeFiles/contador_dec.dir/C_/Users/pedro/.pico-sdk/sdk/1.5.1/lib/tinyusb/src/device/usbd_control.c.obj
                0x10006910                usbd_control_reset
 .text.usbd_control_set_complete_callback
                0x10006924        0xc CMakeFiles/contador_dec.dir/C_/Users/pedro/.pico-sdk/sdk/1.5.1/lib/tinyusb/src/device/usbd_control.c.obj
                0x10006924                usbd_control_set_complete_callback
 .text.usbd_control_set_request
                0x10006930       0x1c CMakeFiles/contador_dec.dir/C_/Users/pedro/.pico-sdk/sdk/1.5.1/lib/tinyusb/src/device/usbd_control.c.obj
                0x10006930                usbd_control_set_request
 .text.usbd_control_xfer_cb
                0x1000694c       0xf4 CMakeFiles/contador_dec.dir/C_/Users/pedro/.pico-sdk/sdk/1.5.1/lib/tinyusb/src/device/usbd_control.c.obj
                0x1000694c                usbd_control_xfer_cb
 .text.tud_cdc_n_connected
                0x10006a40       0x30 CMakeFiles/contador_dec.dir/C_/Users/pedro/.pico-sdk/sdk/1.5.1/lib/tinyusb/src/class/cdc/cdc_device.c.obj
                0x10006a40                tud_cdc_n_connected
 .text.tud_cdc_n_available
                0x10006a70       0x18 CMakeFiles/contador_dec.dir/C_/Users/pedro/.pico-sdk/sdk/1.5.1/lib/tinyusb/src/class/cdc/cdc_device.c.obj
                0x10006a70                tud_cdc_n_available
 .text.tud_cdc_n_read
                0x10006a88       0x70 CMakeFiles/contador_dec.dir/C_/Users/pedro/.pico-sdk/sdk/1.5.1/lib/tinyusb/src/class/cdc/cdc_device.c.obj
                0x10006a88                tud_cdc_n_read
 .text.tud_cdc_n_write_flush
                0x10006af8       0x78 CMakeFiles/contador_dec.dir/C_/Users/pedro/.pico-sdk/sdk/1.5.1/lib/tinyusb/src/class/cdc/cdc_device.c.obj
                0x10006af8                tud_cdc_n_write_flush
 .text.tud_cdc_n_write
                0x10006b70       0x34 CMakeFiles/contador_dec.dir/C_/Users/pedro/.pico-sdk/sdk/1.5.1/lib/tinyusb/src/class/cdc/cdc_device.c.obj
                0x10006b70                tud_cdc_n_write
 .text.tud_cdc_n_write_available
                0x10006ba4       0x18 CMakeFiles/contador_dec.dir/C_/Users/pedro/.pico-sdk/sdk/1.5.1/lib/tinyusb/src/class/cdc/cdc_device.c.obj
                0x10006ba4                tud_cdc_n_write_available
 .text.cdcd_init
                0x10006bbc       0x7c CMakeFiles/contador_dec.dir/C_/Users/pedro/.pico-sdk/sdk/1.5.1/lib/tinyusb/src/class/cdc/cdc_device.c.obj
                0x10006bbc                cdcd_init
 .text.cdcd_reset
                0x10006c38       0x2c CMakeFiles/contador_dec.dir/C_/Users/pedro/.pico-sdk/sdk/1.5.1/lib/tinyusb/src/class/cdc/cdc_device.c.obj
                0x10006c38                cdcd_reset
 .text.cdcd_open
                0x10006c64       0xe4 CMakeFiles/contador_dec.dir/C_/Users/pedro/.pico-sdk/sdk/1.5.1/lib/tinyusb/src/class/cdc/cdc_device.c.obj
                0x10006c64                cdcd_open
 .text.cdcd_control_xfer_cb
                0x10006d48       0xe4 CMakeFiles/contador_dec.dir/C_/Users/pedro/.pico-sdk/sdk/1.5.1/lib/tinyusb/src/class/cdc/cdc_device.c.obj
                0x10006d48                cdcd_control_xfer_cb
 .text.cdcd_xfer_cb
                0x10006e2c      0x13c CMakeFiles/contador_dec.dir/C_/Users/pedro/.pico-sdk/sdk/1.5.1/lib/tinyusb/src/class/cdc/cdc_device.c.obj
                0x10006e2c                cdcd_xfer_cb
 .text.tusb_init
                0x10006f68        0xc CMakeFiles/contador_dec.dir/C_/Users/pedro/.pico-sdk/sdk/1.5.1/lib/tinyusb/src/tusb.c.obj
                0x10006f68                tusb_init
 .text.tusb_inited
                0x10006f74        0x8 CMakeFiles/contador_dec.dir/C_/Users/pedro/.pico-sdk/sdk/1.5.1/lib/tinyusb/src/tusb.c.obj
                0x10006f74                tusb_inited
 .text.tu_edpt_claim
                0x10006f7c       0x50 CMakeFiles/contador_dec.dir/C_/Users/pedro/.pico-sdk/sdk/1.5.1/lib/tinyusb/src/tusb.c.obj
                0x10006f7c                tu_edpt_claim
 .text.tu_edpt_release
                0x10006fcc       0x38 CMakeFiles/contador_dec.dir/C_/Users/pedro/.pico-sdk/sdk/1.5.1/lib/tinyusb/src/tusb.c.obj
                0x10006fcc                tu_edpt_release
 .text.tu_edpt_validate
                0x10007004       0x7c CMakeFiles/contador_dec.dir/C_/Users/pedro/.pico-sdk/sdk/1.5.1/lib/tinyusb/src/tusb.c.obj
                0x10007004                tu_edpt_validate
 .text.tu_edpt_bind_driver
                0x10007080       0x34 CMakeFiles/contador_dec.dir/C_/Users/pedro/.pico-sdk/sdk/1.5.1/lib/tinyusb/src/tusb.c.obj
                0x10007080                tu_edpt_bind_driver
 .text.tu_fifo_config
                0x100070b4       0x6c CMakeFiles/contador_dec.dir/C_/Users/pedro/.pico-sdk/sdk/1.5.1/lib/tinyusb/src/common/tusb_fifo.c.obj
                0x100070b4                tu_fifo_config
 .text.tu_fifo_count
                0x10007120       0x2c CMakeFiles/contador_dec.dir/C_/Users/pedro/.pico-sdk/sdk/1.5.1/lib/tinyusb/src/common/tusb_fifo.c.obj
                0x10007120                tu_fifo_count
 .text.tu_fifo_empty
                0x1000714c       0x10 CMakeFiles/contador_dec.dir/C_/Users/pedro/.pico-sdk/sdk/1.5.1/lib/tinyusb/src/common/tusb_fifo.c.obj
                0x1000714c                tu_fifo_empty
 .text.tu_fifo_remaining
                0x1000715c       0x2c CMakeFiles/contador_dec.dir/C_/Users/pedro/.pico-sdk/sdk/1.5.1/lib/tinyusb/src/common/tusb_fifo.c.obj
                0x1000715c                tu_fifo_remaining
 .text.tu_fifo_read
                0x10007188       0x9c CMakeFiles/contador_dec.dir/C_/Users/pedro/.pico-sdk/sdk/1.5.1/lib/tinyusb/src/common/tusb_fifo.c.obj
                0x10007188                tu_fifo_read
 .text.tu_fifo_read_n
                0x10007224       0xe8 CMakeFiles/contador_dec.dir/C_/Users/pedro/.pico-sdk/sdk/1.5.1/lib/tinyusb/src/common/tusb_fifo.c.obj
                0x10007224                tu_fifo_read_n
 .text.tu_fifo_write
                0x1000730c       0xa8 CMakeFiles/contador_dec.dir/C_/Users/pedro/.pico-sdk/sdk/1.5.1/lib/tinyusb/src/common/tusb_fifo.c.obj
                0x1000730c                tu_fifo_write
 .text.tu_fifo_write_n
                0x100073b4      0x178 CMakeFiles/contador_dec.dir/C_/Users/pedro/.pico-sdk/sdk/1.5.1/lib/tinyusb/src/common/tusb_fifo.c.obj
                0x100073b4                tu_fifo_write_n
 .text.tu_fifo_clear
                0x1000752c       0x40 CMakeFiles/contador_dec.dir/C_/Users/pedro/.pico-sdk/sdk/1.5.1/lib/tinyusb/src/common/tusb_fifo.c.obj
                0x1000752c                tu_fifo_clear
 .text.tu_fifo_set_overwritable
                0x1000756c       0x48 CMakeFiles/contador_dec.dir/C_/Users/pedro/.pico-sdk/sdk/1.5.1/lib/tinyusb/src/common/tusb_fifo.c.obj
                0x1000756c                tu_fifo_set_overwritable
 .text.cyw43_arch_set_async_context
                0x100075b4        0xc CMakeFiles/contador_dec.dir/C_/Users/pedro/.pico-sdk/sdk/1.5.1/src/rp2_common/pico_cyw43_arch/cyw43_arch.c.obj
                0x100075b4                cyw43_arch_set_async_context
 .text.cyw43_arch_async_context
                0x100075c0        0xc CMakeFiles/contador_dec.dir/C_/Users/pedro/.pico-sdk/sdk/1.5.1/src/rp2_common/pico_cyw43_arch/cyw43_arch.c.obj
                0x100075c0                cyw43_arch_async_context
 .text.cyw43_arch_init
                0x100075cc       0x64 CMakeFiles/contador_dec.dir/C_/Users/pedro/.pico-sdk/sdk/1.5.1/src/rp2_common/pico_cyw43_arch/cyw43_arch_threadsafe_background.c.obj
                0x100075cc                cyw43_arch_init
 .text.cyw43_spi_deinit
                0x10007630       0x7c CMakeFiles/contador_dec.dir/C_/Users/pedro/.pico-sdk/sdk/1.5.1/src/rp2_common/pico_cyw43_driver/cyw43_bus_pio_spi.c.obj
                0x10007630                cyw43_spi_deinit
 .text.cyw43_ll_init
                0x100076ac       0x1c CMakeFiles/contador_dec.dir/C_/Users/pedro/.pico-sdk/sdk/1.5.1/lib/cyw43-driver/src/cyw43_ll.c.obj
                0x100076ac                cyw43_ll_init
 .text.cyw43_ll_deinit
                0x100076c8        0x8 CMakeFiles/contador_dec.dir/C_/Users/pedro/.pico-sdk/sdk/1.5.1/lib/cyw43-driver/src/cyw43_ll.c.obj
                0x100076c8                cyw43_ll_deinit
 .text.cyw43_init
                0x100076d0       0x6c CMakeFiles/contador_dec.dir/C_/Users/pedro/.pico-sdk/sdk/1.5.1/lib/cyw43-driver/src/cyw43_ctrl.c.obj
                0x100076d0                cyw43_init
 .text.cyw43_deinit
                0x1000773c       0x90 CMakeFiles/contador_dec.dir/C_/Users/pedro/.pico-sdk/sdk/1.5.1/lib/cyw43-driver/src/cyw43_ctrl.c.obj
                0x1000773c                cyw43_deinit
 .text.pio_sm_unclaim
                0x100077cc       0x20 CMakeFiles/contador_dec.dir/C_/Users/pedro/.pico-sdk/sdk/1.5.1/src/rp2_common/hardware_pio/pio.c.obj
                0x100077cc                pio_sm_unclaim
 .text.pio_claim_unused_sm
                0x100077ec       0x3c CMakeFiles/contador_dec.dir/C_/Users/pedro/.pico-sdk/sdk/1.5.1/src/rp2_common/hardware_pio/pio.c.obj
                0x100077ec                pio_claim_unused_sm
 .text.pio_add_program
                0x10007828       0xf0 CMakeFiles/contador_dec.dir/C_/Users/pedro/.pico-sdk/sdk/1.5.1/src/rp2_common/hardware_pio/pio.c.obj
                0x10007828                pio_add_program
 .text.pio_remove_program
                0x10007918       0x34 CMakeFiles/contador_dec.dir/C_/Users/pedro/.pico-sdk/sdk/1.5.1/src/rp2_common/hardware_pio/pio.c.obj
                0x10007918                pio_remove_program
 .text.pio_sm_set_consecutive_pindirs
                0x1000794c       0xa8 CMakeFiles/contador_dec.dir/C_/Users/pedro/.pico-sdk/sdk/1.5.1/src/rp2_common/hardware_pio/pio.c.obj
                0x1000794c                pio_sm_set_consecutive_pindirs
 .text.pio_sm_init
                0x100079f4       0x98 CMakeFiles/contador_dec.dir/C_/Users/pedro/.pico-sdk/sdk/1.5.1/src/rp2_common/hardware_pio/pio.c.obj
                0x100079f4                pio_sm_init
 .text.dma_channel_unclaim
                0x10007a8c       0x14 CMakeFiles/contador_dec.dir/C_/Users/pedro/.pico-sdk/sdk/1.5.1/src/rp2_common/hardware_dma/dma.c.obj
                0x10007a8c                dma_channel_unclaim
 .text.dma_channel_cleanup
                0x10007aa0       0x60 CMakeFiles/contador_dec.dir/C_/Users/pedro/.pico-sdk/sdk/1.5.1/src/rp2_common/hardware_dma/dma.c.obj
                0x10007aa0                dma_channel_cleanup
 .text.cyw43_sleep_timeout_reached
                0x10007b00       0x10 CMakeFiles/contador_dec.dir/C_/Users/pedro/.pico-sdk/sdk/1.5.1/src/rp2_common/pico_cyw43_driver/cyw43_driver.c.obj
 .text.cyw43_irq_init
                0x10007b10       0x28 CMakeFiles/contador_dec.dir/C_/Users/pedro/.pico-sdk/sdk/1.5.1/src/rp2_common/pico_cyw43_driver/cyw43_driver.c.obj
                0x10007b10                cyw43_irq_init
 .text.cyw43_irq_deinit
                0x10007b38       0x20 CMakeFiles/contador_dec.dir/C_/Users/pedro/.pico-sdk/sdk/1.5.1/src/rp2_common/pico_cyw43_driver/cyw43_driver.c.obj
                0x10007b38                cyw43_irq_deinit
 .text.cyw43_gpio_irq_handler
                0x10007b58       0x44 CMakeFiles/contador_dec.dir/C_/Users/pedro/.pico-sdk/sdk/1.5.1/src/rp2_common/pico_cyw43_driver/cyw43_driver.c.obj
 .text.cyw43_do_poll
                0x10007b9c       0x70 CMakeFiles/contador_dec.dir/C_/Users/pedro/.pico-sdk/sdk/1.5.1/src/rp2_common/pico_cyw43_driver/cyw43_driver.c.obj
 .text.cyw43_driver_init
                0x10007c0c       0x38 CMakeFiles/contador_dec.dir/C_/Users/pedro/.pico-sdk/sdk/1.5.1/src/rp2_common/pico_cyw43_driver/cyw43_driver.c.obj
                0x10007c0c                cyw43_driver_init
 .text.cyw43_driver_deinit
                0x10007c44       0x44 CMakeFiles/contador_dec.dir/C_/Users/pedro/.pico-sdk/sdk/1.5.1/src/rp2_common/pico_cyw43_driver/cyw43_driver.c.obj
                0x10007c44                cyw43_driver_deinit
 .text.cyw43_thread_enter
                0x10007c88       0x14 CMakeFiles/contador_dec.dir/C_/Users/pedro/.pico-sdk/sdk/1.5.1/src/rp2_common/pico_cyw43_driver/cyw43_driver.c.obj
                0x10007c88                cyw43_thread_enter
 .text.cyw43_thread_exit
                0x10007c9c       0x14 CMakeFiles/contador_dec.dir/C_/Users/pedro/.pico-sdk/sdk/1.5.1/src/rp2_common/pico_cyw43_driver/cyw43_driver.c.obj
                0x10007c9c                cyw43_thread_exit
 .text.cyw43_cb_tcpip_deinit
                0x10007cb0        0x4 CMakeFiles/contador_dec.dir/C_/Users/pedro/.pico-sdk/sdk/1.5.1/src/rp2_common/pico_cyw43_driver/cyw43_driver.c.obj
                0x10007cb0                cyw43_cb_tcpip_deinit
 .text.async_context_threadsafe_background_acquire_lock_blocking
                0x10007cb4        0xc CMakeFiles/contador_dec.dir/C_/Users/pedro/.pico-sdk/sdk/1.5.1/src/rp2_common/pico_async_context/async_context_threadsafe_background.c.obj
 .text.alarm_handler
                0x10007cc0       0x20 CMakeFiles/contador_dec.dir/C_/Users/pedro/.pico-sdk/sdk/1.5.1/src/rp2_common/pico_async_context/async_context_threadsafe_background.c.obj
 .text.async_context_threadsafe_background_set_work_pending
                0x10007ce0       0x1c CMakeFiles/contador_dec.dir/C_/Users/pedro/.pico-sdk/sdk/1.5.1/src/rp2_common/pico_async_context/async_context_threadsafe_background.c.obj
 .text.process_under_lock
                0x10007cfc       0xcc CMakeFiles/contador_dec.dir/C_/Users/pedro/.pico-sdk/sdk/1.5.1/src/rp2_common/pico_async_context/async_context_threadsafe_background.c.obj
 .text.async_context_threadsafe_background_execute_sync
                0x10007dc8       0x30 CMakeFiles/contador_dec.dir/C_/Users/pedro/.pico-sdk/sdk/1.5.1/src/rp2_common/pico_async_context/async_context_threadsafe_background.c.obj
                0x10007dc8                async_context_threadsafe_background_execute_sync
 .text.async_context_threadsafe_background_deinit
                0x10007df8       0x54 CMakeFiles/contador_dec.dir/C_/Users/pedro/.pico-sdk/sdk/1.5.1/src/rp2_common/pico_async_context/async_context_threadsafe_background.c.obj
 .text.low_priority_irq_handler
                0x10007e4c       0x3c CMakeFiles/contador_dec.dir/C_/Users/pedro/.pico-sdk/sdk/1.5.1/src/rp2_common/pico_async_context/async_context_threadsafe_background.c.obj
 .text.async_context_threadsafe_background_wait_for_work_until
                0x10007e88        0xc CMakeFiles/contador_dec.dir/C_/Users/pedro/.pico-sdk/sdk/1.5.1/src/rp2_common/pico_async_context/async_context_threadsafe_background.c.obj
 .text.async_context_threadsafe_background_wait_until
                0x10007e94       0x1c CMakeFiles/contador_dec.dir/C_/Users/pedro/.pico-sdk/sdk/1.5.1/src/rp2_common/pico_async_context/async_context_threadsafe_background.c.obj
 .text.async_context_threadsafe_background_lock_check
                0x10007eb0       0x28 CMakeFiles/contador_dec.dir/C_/Users/pedro/.pico-sdk/sdk/1.5.1/src/rp2_common/pico_async_context/async_context_threadsafe_background.c.obj
 .text.async_context_threadsafe_background_release_lock
                0x10007ed8       0x1c CMakeFiles/contador_dec.dir/C_/Users/pedro/.pico-sdk/sdk/1.5.1/src/rp2_common/pico_async_context/async_context_threadsafe_background.c.obj
 .text.async_context_threadsafe_background_add_at_time_worker
                0x10007ef4       0x34 CMakeFiles/contador_dec.dir/C_/Users/pedro/.pico-sdk/sdk/1.5.1/src/rp2_common/pico_async_context/async_context_threadsafe_background.c.obj
 .text.async_context_threadsafe_background_remove_at_time_worker
                0x10007f28       0x34 CMakeFiles/contador_dec.dir/C_/Users/pedro/.pico-sdk/sdk/1.5.1/src/rp2_common/pico_async_context/async_context_threadsafe_background.c.obj
 .text.async_context_threadsafe_background_add_when_pending_worker
                0x10007f5c       0x34 CMakeFiles/contador_dec.dir/C_/Users/pedro/.pico-sdk/sdk/1.5.1/src/rp2_common/pico_async_context/async_context_threadsafe_background.c.obj
 .text.async_context_threadsafe_background_when_pending_worker
                0x10007f90       0x34 CMakeFiles/contador_dec.dir/C_/Users/pedro/.pico-sdk/sdk/1.5.1/src/rp2_common/pico_async_context/async_context_threadsafe_background.c.obj
 .text.async_context_threadsafe_background_default_config
                0x10007fc4        0xc CMakeFiles/contador_dec.dir/C_/Users/pedro/.pico-sdk/sdk/1.5.1/src/rp2_common/pico_async_context/async_context_threadsafe_background.c.obj
                0x10007fc4                async_context_threadsafe_background_default_config
 .text.async_context_threadsafe_background_init
                0x10007fd0       0x8c CMakeFiles/contador_dec.dir/C_/Users/pedro/.pico-sdk/sdk/1.5.1/src/rp2_common/pico_async_context/async_context_threadsafe_background.c.obj
                0x10007fd0                async_context_threadsafe_background_init
 .text.async_context_base_add_at_time_worker
                0x1000805c       0x24 CMakeFiles/contador_dec.dir/C_/Users/pedro/.pico-sdk/sdk/1.5.1/src/rp2_common/pico_async_context/async_context_base.c.obj
                0x1000805c                async_context_base_add_at_time_worker
 .text.async_context_base_remove_at_time_worker
                0x10008080       0x28 CMakeFiles/contador_dec.dir/C_/Users/pedro/.pico-sdk/sdk/1.5.1/src/rp2_common/pico_async_context/async_context_base.c.obj
                0x10008080                async_context_base_remove_at_time_worker
 .text.async_context_base_add_when_pending_worker
                0x100080a8       0x24 CMakeFiles/contador_dec.dir/C_/Users/pedro/.pico-sdk/sdk/1.5.1/src/rp2_common/pico_async_context/async_context_base.c.obj
                0x100080a8                async_context_base_add_when_pending_worker
 .text.async_context_base_remove_when_pending_worker
                0x100080cc       0x28 CMakeFiles/contador_dec.dir/C_/Users/pedro/.pico-sdk/sdk/1.5.1/src/rp2_common/pico_async_context/async_context_base.c.obj
                0x100080cc                async_context_base_remove_when_pending_worker
 .text.async_context_base_execute_once
                0x100080f4      0x108 CMakeFiles/contador_dec.dir/C_/Users/pedro/.pico-sdk/sdk/1.5.1/src/rp2_common/pico_async_context/async_context_base.c.obj
                0x100080f4                async_context_base_execute_once
 .text.i2c_set_baudrate
                0x100081fc       0xc4 CMakeFiles/contador_dec.dir/C_/Users/pedro/.pico-sdk/sdk/1.5.1/src/rp2_common/hardware_i2c/i2c.c.obj
                0x100081fc                i2c_set_baudrate
 .text.i2c_init
                0x100082c0       0x50 CMakeFiles/contador_dec.dir/C_/Users/pedro/.pico-sdk/sdk/1.5.1/src/rp2_common/hardware_i2c/i2c.c.obj
                0x100082c0                i2c_init
 .text.i2c_write_blocking
                0x10008310       0xd0 CMakeFiles/contador_dec.dir/C_/Users/pedro/.pico-sdk/sdk/1.5.1/src/rp2_common/hardware_i2c/i2c.c.obj
                0x10008310                i2c_write_blocking
 .text.adc_init
                0x100083e0       0x38 CMakeFiles/contador_dec.dir/C_/Users/pedro/.pico-sdk/sdk/1.5.1/src/rp2_common/hardware_adc/adc.c.obj
                0x100083e0                adc_init
 .text.malloc   0x10008418       0x14 C:/Users/pedro/.pico-sdk/toolchain/13_2_Rel1/bin/../lib/gcc/arm-none-eabi/13.2.1/thumb/v6-m/nofp\libc.a(libc_a-malloc.o)
                0x10008418                malloc
 .text.free     0x1000842c       0x14 C:/Users/pedro/.pico-sdk/toolchain/13_2_Rel1/bin/../lib/gcc/arm-none-eabi/13.2.1/thumb/v6-m/nofp\libc.a(libc_a-malloc.o)
                0x1000842c                free
 .text._malloc_r
                0x10008440      0x5c4 C:/Users/pedro/.pico-sdk/toolchain/13_2_Rel1/bin/../lib/gcc/arm-none-eabi/13.2.1/thumb/v6-m/nofp\libc.a(libc_a-mallocr.o)
                0x10008440                _malloc_r
 .text.__malloc_lock
                0x10008a04       0x10 C:/Users/pedro/.pico-sdk/toolchain/13_2_Rel1/bin/../lib/gcc/arm-none-eabi/13.2.1/thumb/v6-m/nofp\libc.a(libc_a-mlock.o)
                0x10008a04                __malloc_lock
 .text.__malloc_unlock
                0x10008a14       0x10 C:/Users/pedro/.pico-sdk/toolchain/13_2_Rel1/bin/../lib/gcc/arm-none-eabi/13.2.1/thumb/v6-m/nofp\libc.a(libc_a-mlock.o)
                0x10008a14                __malloc_unlock
 .text._sbrk_r  0x10008a24       0x24 C:/Users/pedro/.pico-sdk/toolchain/13_2_Rel1/bin/../lib/gcc/arm-none-eabi/13.2.1/thumb/v6-m/nofp\libc.a(libc_a-sbrkr.o)
                0x10008a24                _sbrk_r
 .text.__errno  0x10008a48        0xc C:/Users/pedro/.pico-sdk/toolchain/13_2_Rel1/bin/../lib/gcc/arm-none-eabi/13.2.1/thumb/v6-m/nofp\libc.a(libc_a-errno.o)
                0x10008a48                __errno
 .text.__retarget_lock_acquire_recursive
                0x10008a54        0x4 C:/Users/pedro/.pico-sdk/toolchain/13_2_Rel1/bin/../lib/gcc/arm-none-eabi/13.2.1/thumb/v6-m/nofp\libc.a(libc_a-lock.o)
                0x10008a54                __retarget_lock_acquire_recursive
 .text.__retarget_lock_release_recursive
                0x10008a58        0x4 C:/Users/pedro/.pico-sdk/toolchain/13_2_Rel1/bin/../lib/gcc/arm-none-eabi/13.2.1/thumb/v6-m/nofp\libc.a(libc_a-lock.o)
                0x10008a58                __retarget_lock_release_recursive
 .text.sysconf  0x10008a5c       0x1c C:/Users/pedro/.pico-sdk/toolchain/13_2_Rel1/bin/../lib/gcc/arm-none-eabi/13.2.1/thumb/v6-m/nofp\libc.a(libc_a-sysconf.o)
                0x10008a5c                sysconf
 .text.strlen   0x10008a78       0x5c C:/Users/pedro/.pico-sdk/toolchain/13_2_Rel1/bin/../lib/gcc/arm-none-eabi/13.2.1/thumb/v6-m/nofp\libc.a(libc_a-strlen-stub.o)
                0x10008a78                strlen
 .text._malloc_trim_r
                0x10008ad4       0xb4 C:/Users/pedro/.pico-sdk/toolchain/13_2_Rel1/bin/../lib/gcc/arm-none-eabi/13.2.1/thumb/v6-m/nofp\libc.a(libc_a-freer.o)
                0x10008ad4                _malloc_trim_r
 .text._free_r  0x10008b88      0x1d4 C:/Users/pedro/.pico-sdk/toolchain/13_2_Rel1/bin/../lib/gcc/arm-none-eabi/13.2.1/thumb/v6-m/nofp\libc.a(libc_a-freer.o)
                0x10008b88                _free_r
 *(.fini)
 .fini          0x10008d5c        0x4 C:/Users/pedro/.pico-sdk/toolchain/13_2_Rel1/bin/../lib/gcc/arm-none-eabi/13.2.1/thumb/v6-m/nofp/crti.o
                0x10008d5c                _fini
 .fini.__stub   0x10008d60      0x110 linker stubs
 *crtbegin.o(.ctors)
 *crtbegin?.o(.ctors)
 *(EXCLUDE_FILE(*crtend.o *crtend?.o) .ctors)
 *(SORT_BY_NAME(.ctors.*))
 *(.ctors)
 *crtbegin.o(.dtors)
 *crtbegin?.o(.dtors)
 *(EXCLUDE_FILE(*crtend.o *crtend?.o) .dtors)
 *(SORT_BY_NAME(.dtors.*))
 *(.dtors)
 *(.eh_frame*)
 .eh_frame      0x10008e70        0x0 C:/Users/pedro/.pico-sdk/toolchain/13_2_Rel1/bin/../lib/gcc/arm-none-eabi/13.2.1/thumb/v6-m/nofp/crtbegin.o
                0x10008e70                        . = ALIGN (0x4)

.glue_7         0x10008e70        0x0
 .glue_7        0x10008e70        0x0 linker stubs

.glue_7t        0x10008e70        0x0
 .glue_7t       0x10008e70        0x0 linker stubs

.vfp11_veneer   0x10008e70        0x0
 .vfp11_veneer  0x10008e70        0x0 linker stubs

.v4_bx          0x10008e70        0x0
 .v4_bx         0x10008e70        0x0 linker stubs

.iplt           0x10008e70        0x0
 .iplt          0x10008e70        0x0 C:/Users/pedro/.pico-sdk/toolchain/13_2_Rel1/bin/../lib/gcc/arm-none-eabi/13.2.1/thumb/v6-m/nofp/crtbegin.o

.rodata         0x10008e70      0xb74
 *(EXCLUDE_FILE(*libm.a: *libc.a:*lib_a-mem*.o *libgcc.a:) .rodata*)
 .rodata.button_status.str1.4
                0x10008e70      0x434 CMakeFiles/contador_dec.dir/main.c.obj
                                 0xb8 (size before relaxing)
 .rodata.gpio_callback.str1.4
                0x100092a4       0x38 CMakeFiles/contador_dec.dir/main.c.obj
 .rodata.main.str1.4
                0x100092a4      0x142 CMakeFiles/contador_dec.dir/main.c.obj
 .rodata.ws2818b_program
                0x100092a4        0x6 CMakeFiles/contador_dec.dir/main.c.obj
 *fill*         0x100092aa        0x2 
 .rodata.ws2818b_program_instructions
                0x100092ac        0x8 CMakeFiles/contador_dec.dir/main.c.obj
 .rodata.ssd1306_draw_char.part.0
                0x100092b4       0xfc CMakeFiles/contador_dec.dir/inc/ssd1306_i2c.c.obj
 .rodata.font   0x100093b0      0x150 CMakeFiles/contador_dec.dir/inc/ssd1306_i2c.c.obj
 .rodata        0x10009500       0x1a CMakeFiles/contador_dec.dir/inc/ssd1306_i2c.c.obj
 .rodata.spin_lock_claim_unused.str1.4
                0x1000951a       0x1b CMakeFiles/contador_dec.dir/C_/Users/pedro/.pico-sdk/sdk/1.5.1/src/rp2_common/hardware_sync/sync.c.obj
 .rodata.user_irq_claim_unused.str1.4
                0x1000951a       0x1b CMakeFiles/contador_dec.dir/C_/Users/pedro/.pico-sdk/sdk/1.5.1/src/rp2_common/hardware_irq/irq.c.obj
 *fill*         0x1000951a        0x6 
 .rodata.at_the_end_of_time
                0x10009520        0x8 CMakeFiles/contador_dec.dir/C_/Users/pedro/.pico-sdk/sdk/1.5.1/src/common/pico_time/time.c.obj
                0x10009520                at_the_end_of_time
 .rodata.hardware_alarm_claim.str1.4
                0x10009528       0x22 CMakeFiles/contador_dec.dir/C_/Users/pedro/.pico-sdk/sdk/1.5.1/src/rp2_common/hardware_timer/timer.c.obj
 .rodata.panic.str1.4
                0x10009528       0x12 CMakeFiles/contador_dec.dir/C_/Users/pedro/.pico-sdk/sdk/1.5.1/src/rp2_common/pico_runtime/runtime.c.obj
 .rodata.hard_assertion_failure.str1.4
                0x10009528        0xc CMakeFiles/contador_dec.dir/C_/Users/pedro/.pico-sdk/sdk/1.5.1/src/rp2_common/pico_runtime/runtime.c.obj
 .rodata._ftoa.str1.4
                0x10009528       0x15 CMakeFiles/contador_dec.dir/C_/Users/pedro/.pico-sdk/sdk/1.5.1/src/rp2_common/pico_printf/printf.c.obj
 .rodata._vsnprintf
                0x10009528      0x19c CMakeFiles/contador_dec.dir/C_/Users/pedro/.pico-sdk/sdk/1.5.1/src/rp2_common/pico_printf/printf.c.obj
 *fill*         0x100096c4        0x4 
 .rodata.pow10.0
                0x100096c8       0x50 CMakeFiles/contador_dec.dir/C_/Users/pedro/.pico-sdk/sdk/1.5.1/src/rp2_common/pico_printf/printf.c.obj
 .rodata.missing_double_func_shim.str1.4
                0x10009718       0x18 CMakeFiles/contador_dec.dir/C_/Users/pedro/.pico-sdk/sdk/1.5.1/src/rp2_common/pico_double/double_init_rom.c.obj
 .rodata.missing_float_func_shim.str1.4
                0x10009718        0x1 CMakeFiles/contador_dec.dir/C_/Users/pedro/.pico-sdk/sdk/1.5.1/src/rp2_common/pico_float/float_init_rom.c.obj
 .rodata.__wrap_malloc.str1.4
                0x10009718        0xe CMakeFiles/contador_dec.dir/C_/Users/pedro/.pico-sdk/sdk/1.5.1/src/rp2_common/pico_malloc/pico_malloc.c.obj
 .rodata.str1.4
                0x10009718       0x50 CMakeFiles/contador_dec.dir/C_/Users/pedro/.pico-sdk/sdk/1.5.1/src/rp2_common/pico_standard_link/binary_info.c.obj
 .rodata.__bi_81
                0x10009718        0xc CMakeFiles/contador_dec.dir/C_/Users/pedro/.pico-sdk/sdk/1.5.1/src/rp2_common/pico_standard_link/binary_info.c.obj
 .rodata.__bi_75
                0x10009724        0xc CMakeFiles/contador_dec.dir/C_/Users/pedro/.pico-sdk/sdk/1.5.1/src/rp2_common/pico_standard_link/binary_info.c.obj
 .rodata.__bi_56
                0x10009730        0xc CMakeFiles/contador_dec.dir/C_/Users/pedro/.pico-sdk/sdk/1.5.1/src/rp2_common/pico_standard_link/binary_info.c.obj
 .rodata.__bi_44
                0x1000973c        0xc CMakeFiles/contador_dec.dir/C_/Users/pedro/.pico-sdk/sdk/1.5.1/src/rp2_common/pico_standard_link/binary_info.c.obj
 .rodata.crlf_str.0
                0x10009748        0x2 CMakeFiles/contador_dec.dir/C_/Users/pedro/.pico-sdk/sdk/1.5.1/src/rp2_common/pico_stdio/stdio.c.obj
 *fill*         0x1000974a        0x2 
 .rodata._resetd_driver
                0x1000974c       0x18 CMakeFiles/contador_dec.dir/C_/Users/pedro/.pico-sdk/sdk/1.5.1/src/rp2_common/pico_stdio_usb/reset_interface.c.obj
 .rodata.str1.4
                0x10009764       0x13 CMakeFiles/contador_dec.dir/C_/Users/pedro/.pico-sdk/sdk/1.5.1/src/rp2_common/pico_stdio_usb/stdio_usb.c.obj
 .rodata.__bi_182.0
                0x10009764        0xc CMakeFiles/contador_dec.dir/C_/Users/pedro/.pico-sdk/sdk/1.5.1/src/rp2_common/pico_stdio_usb/stdio_usb.c.obj
 .rodata.str1.4
                0x10009770       0x2a CMakeFiles/contador_dec.dir/C_/Users/pedro/.pico-sdk/sdk/1.5.1/src/rp2_common/pico_stdio_usb/stdio_usb_descriptors.c.obj
 .rodata.usbd_desc_str
                0x10009770       0x18 CMakeFiles/contador_dec.dir/C_/Users/pedro/.pico-sdk/sdk/1.5.1/src/rp2_common/pico_stdio_usb/stdio_usb_descriptors.c.obj
 .rodata.usbd_desc_cfg
                0x10009788       0x54 CMakeFiles/contador_dec.dir/C_/Users/pedro/.pico-sdk/sdk/1.5.1/src/rp2_common/pico_stdio_usb/stdio_usb_descriptors.c.obj
 .rodata.usbd_desc_device
                0x100097dc       0x12 CMakeFiles/contador_dec.dir/C_/Users/pedro/.pico-sdk/sdk/1.5.1/src/rp2_common/pico_stdio_usb/stdio_usb_descriptors.c.obj
 .rodata.str1.4
                0x100097ee       0x14 CMakeFiles/contador_dec.dir/C_/Users/pedro/.pico-sdk/sdk/1.5.1/lib/tinyusb/src/portable/raspberrypi/rp2040/dcd_rp2040.c.obj
 .rodata.str1.4
                0x100097ee       0x53 CMakeFiles/contador_dec.dir/C_/Users/pedro/.pico-sdk/sdk/1.5.1/lib/tinyusb/src/portable/raspberrypi/rp2040/rp2040_usb.c.obj
 *fill*         0x100097ee        0x2 
 .rodata.tud_task_ext
                0x100097f0       0x8c CMakeFiles/contador_dec.dir/C_/Users/pedro/.pico-sdk/sdk/1.5.1/lib/tinyusb/src/device/usbd.c.obj
 .rodata._usbd_driver
                0x1000987c       0x18 CMakeFiles/contador_dec.dir/C_/Users/pedro/.pico-sdk/sdk/1.5.1/lib/tinyusb/src/device/usbd.c.obj
 .rodata.spi_gap01_sample0_program
                0x10009894        0x6 CMakeFiles/contador_dec.dir/C_/Users/pedro/.pico-sdk/sdk/1.5.1/src/rp2_common/pico_cyw43_driver/cyw43_bus_pio_spi.c.obj
 *fill*         0x1000989a        0x2 
 .rodata.spi_gap01_sample0_program_instructions
                0x1000989c        0xc CMakeFiles/contador_dec.dir/C_/Users/pedro/.pico-sdk/sdk/1.5.1/src/rp2_common/pico_cyw43_driver/cyw43_bus_pio_spi.c.obj
 .rodata.pio_claim_unused_sm.str1.4
                0x100098a8       0x24 CMakeFiles/contador_dec.dir/C_/Users/pedro/.pico-sdk/sdk/1.5.1/src/rp2_common/hardware_pio/pio.c.obj
 .rodata.pio_add_program.str1.4
                0x100098a8       0x11 CMakeFiles/contador_dec.dir/C_/Users/pedro/.pico-sdk/sdk/1.5.1/src/rp2_common/hardware_pio/pio.c.obj
 .rodata.async_context_threadsafe_background_lock_check.str1.4
                0x100098a8       0x20 CMakeFiles/contador_dec.dir/C_/Users/pedro/.pico-sdk/sdk/1.5.1/src/rp2_common/pico_async_context/async_context_threadsafe_background.c.obj
 .rodata.template
                0x100098a8       0x38 CMakeFiles/contador_dec.dir/C_/Users/pedro/.pico-sdk/sdk/1.5.1/src/rp2_common/pico_async_context/async_context_threadsafe_background.c.obj
 .rodata._ctype_
                0x100098e0      0x101 C:/Users/pedro/.pico-sdk/toolchain/13_2_Rel1/bin/../lib/gcc/arm-none-eabi/13.2.1/thumb/v6-m/nofp\libc.a(libc_a-ctype_.o)
                0x100098e0                _ctype_
                0x100099e4                        . = ALIGN (0x4)
 *fill*         0x100099e1        0x3 
 *(SORT_BY_ALIGNMENT(SORT_BY_NAME(.flashdata*)))
                0x100099e4                        . = ALIGN (0x4)

.ARM.extab
 *(.ARM.extab* .gnu.linkonce.armextab.*)
                0x100099e4                        __exidx_start = .

.ARM.exidx
 *(.ARM.exidx* .gnu.linkonce.armexidx.*)
                0x100099e4                        __exidx_end = .
                0x100099e4                        . = ALIGN (0x4)
                0x100099e4                        __binary_info_start = .

.binary_info    0x100099e4       0x24
 *(.binary_info.keep.*)
 .binary_info.keep.__bi_ptr81
                0x100099e4        0x4 CMakeFiles/contador_dec.dir/C_/Users/pedro/.pico-sdk/sdk/1.5.1/src/rp2_common/pico_standard_link/binary_info.c.obj
 .binary_info.keep.__bi_ptr75
                0x100099e8        0x4 CMakeFiles/contador_dec.dir/C_/Users/pedro/.pico-sdk/sdk/1.5.1/src/rp2_common/pico_standard_link/binary_info.c.obj
 .binary_info.keep.__bi_ptr56
                0x100099ec        0x4 CMakeFiles/contador_dec.dir/C_/Users/pedro/.pico-sdk/sdk/1.5.1/src/rp2_common/pico_standard_link/binary_info.c.obj
 .binary_info.keep.__bi_ptr50
                0x100099f0        0x4 CMakeFiles/contador_dec.dir/C_/Users/pedro/.pico-sdk/sdk/1.5.1/src/rp2_common/pico_standard_link/binary_info.c.obj
 .binary_info.keep.__bi_ptr44
                0x100099f4        0x4 CMakeFiles/contador_dec.dir/C_/Users/pedro/.pico-sdk/sdk/1.5.1/src/rp2_common/pico_standard_link/binary_info.c.obj
 .binary_info.keep.__bi_ptr38
                0x100099f8        0x4 CMakeFiles/contador_dec.dir/C_/Users/pedro/.pico-sdk/sdk/1.5.1/src/rp2_common/pico_standard_link/binary_info.c.obj
 .binary_info.keep.__bi_ptr30
                0x100099fc        0x4 CMakeFiles/contador_dec.dir/C_/Users/pedro/.pico-sdk/sdk/1.5.1/src/rp2_common/pico_standard_link/binary_info.c.obj
 .binary_info.keep.__bi_ptr22
                0x10009a00        0x4 CMakeFiles/contador_dec.dir/C_/Users/pedro/.pico-sdk/sdk/1.5.1/src/rp2_common/pico_standard_link/binary_info.c.obj
 *(.binary_info.*)
 .binary_info.__bi_ptr182
                0x10009a04        0x4 CMakeFiles/contador_dec.dir/C_/Users/pedro/.pico-sdk/sdk/1.5.1/src/rp2_common/pico_stdio_usb/stdio_usb.c.obj
                0x10009a08                        __binary_info_end = .

.rel.dyn        0x10009a08        0x0
 .rel.iplt      0x10009a08        0x0 C:/Users/pedro/.pico-sdk/toolchain/13_2_Rel1/bin/../lib/gcc/arm-none-eabi/13.2.1/thumb/v6-m/nofp/crtbegin.o
                0x10009a08                        . = ALIGN (0x4)

.ram_vector_table
                0x20000000       0xc0
 *(.ram_vector_table)
 .ram_vector_table
                0x20000000       0xc0 CMakeFiles/contador_dec.dir/C_/Users/pedro/.pico-sdk/sdk/1.5.1/src/rp2_common/pico_runtime/runtime.c.obj
                0x20000000                ram_vector_table

.data           0x200000c0     0x1530 load address 0x10009a08
                0x200000c0                        __data_start__ = .
 *(vtable)
 *(.time_critical*)
 .time_critical.sem_acquire_block_until
                0x200000c0       0x68 CMakeFiles/contador_dec.dir/C_/Users/pedro/.pico-sdk/sdk/1.5.1/src/common/pico_sync/sem.c.obj
                0x200000c0                sem_acquire_block_until
 .time_critical.sem_release
                0x20000128       0x4c CMakeFiles/contador_dec.dir/C_/Users/pedro/.pico-sdk/sdk/1.5.1/src/common/pico_sync/sem.c.obj
                0x20000128                sem_release
 .time_critical.recursive_mutex_enter_blocking
                0x20000174       0x50 CMakeFiles/contador_dec.dir/C_/Users/pedro/.pico-sdk/sdk/1.5.1/src/common/pico_sync/mutex.c.obj
                0x20000174                recursive_mutex_enter_blocking
 .time_critical.mutex_try_enter
                0x200001c4       0x40 CMakeFiles/contador_dec.dir/C_/Users/pedro/.pico-sdk/sdk/1.5.1/src/common/pico_sync/mutex.c.obj
                0x200001c4                mutex_try_enter
 .time_critical.mutex_try_enter_block_until
                0x20000204       0x9c CMakeFiles/contador_dec.dir/C_/Users/pedro/.pico-sdk/sdk/1.5.1/src/common/pico_sync/mutex.c.obj
                0x20000204                mutex_try_enter_block_until
 .time_critical.recursive_mutex_try_enter
                0x200002a0       0x50 CMakeFiles/contador_dec.dir/C_/Users/pedro/.pico-sdk/sdk/1.5.1/src/common/pico_sync/mutex.c.obj
                0x200002a0                recursive_mutex_try_enter
 .time_critical.mutex_enter_timeout_ms
                0x200002f0       0x90 CMakeFiles/contador_dec.dir/C_/Users/pedro/.pico-sdk/sdk/1.5.1/src/common/pico_sync/mutex.c.obj
                0x200002f0                mutex_enter_timeout_ms
 .time_critical.mutex_exit
                0x20000380       0x28 CMakeFiles/contador_dec.dir/C_/Users/pedro/.pico-sdk/sdk/1.5.1/src/common/pico_sync/mutex.c.obj
                0x20000380                mutex_exit
 .time_critical.recursive_mutex_exit
                0x200003a8       0x44 CMakeFiles/contador_dec.dir/C_/Users/pedro/.pico-sdk/sdk/1.5.1/src/common/pico_sync/mutex.c.obj
                0x200003a8                recursive_mutex_exit
 .time_critical.flash_init_boot2_copyout
                0x200003ec       0x30 CMakeFiles/contador_dec.dir/C_/Users/pedro/.pico-sdk/sdk/1.5.1/src/rp2_common/hardware_flash/flash.c.obj
 .time_critical.flash_enable_xip_via_boot2
                0x2000041c        0xc CMakeFiles/contador_dec.dir/C_/Users/pedro/.pico-sdk/sdk/1.5.1/src/rp2_common/hardware_flash/flash.c.obj
 .time_critical.flash_cs_force
                0x20000428       0x38 CMakeFiles/contador_dec.dir/C_/Users/pedro/.pico-sdk/sdk/1.5.1/src/rp2_common/hardware_flash/flash.c.obj
 .time_critical.flash_do_cmd
                0x20000460       0xc0 CMakeFiles/contador_dec.dir/C_/Users/pedro/.pico-sdk/sdk/1.5.1/src/rp2_common/hardware_flash/flash.c.obj
                0x20000460                flash_do_cmd
 .time_critical.reset_non_control_endpoints
                0x20000520       0x68 CMakeFiles/contador_dec.dir/C_/Users/pedro/.pico-sdk/sdk/1.5.1/lib/tinyusb/src/portable/raspberrypi/rp2040/dcd_rp2040.c.obj
 .time_critical.hw_handle_buff_status
                0x20000588       0xb0 CMakeFiles/contador_dec.dir/C_/Users/pedro/.pico-sdk/sdk/1.5.1/lib/tinyusb/src/portable/raspberrypi/rp2040/dcd_rp2040.c.obj
 .time_critical.dcd_rp2040_irq
                0x20000638      0x510 CMakeFiles/contador_dec.dir/C_/Users/pedro/.pico-sdk/sdk/1.5.1/lib/tinyusb/src/portable/raspberrypi/rp2040/dcd_rp2040.c.obj
 .time_critical.e15_is_bulkin_ep
                0x20000b48       0x28 CMakeFiles/contador_dec.dir/C_/Users/pedro/.pico-sdk/sdk/1.5.1/lib/tinyusb/src/portable/raspberrypi/rp2040/rp2040_usb.c.obj
 .time_critical.e15_is_critical_frame_period
                0x20000b70       0x34 CMakeFiles/contador_dec.dir/C_/Users/pedro/.pico-sdk/sdk/1.5.1/lib/tinyusb/src/portable/raspberrypi/rp2040/rp2040_usb.c.obj
 .time_critical.prepare_ep_buffer
                0x20000ba4       0x6c CMakeFiles/contador_dec.dir/C_/Users/pedro/.pico-sdk/sdk/1.5.1/lib/tinyusb/src/portable/raspberrypi/rp2040/rp2040_usb.c.obj
 .time_critical.sync_ep_buffer
                0x20000c10       0x48 CMakeFiles/contador_dec.dir/C_/Users/pedro/.pico-sdk/sdk/1.5.1/lib/tinyusb/src/portable/raspberrypi/rp2040/rp2040_usb.c.obj
 .time_critical._hw_endpoint_xfer_sync
                0x20000c58       0x28 CMakeFiles/contador_dec.dir/C_/Users/pedro/.pico-sdk/sdk/1.5.1/lib/tinyusb/src/portable/raspberrypi/rp2040/rp2040_usb.c.obj
 .time_critical.hw_endpoint_reset_transfer
                0x20000c80        0xc CMakeFiles/contador_dec.dir/C_/Users/pedro/.pico-sdk/sdk/1.5.1/lib/tinyusb/src/portable/raspberrypi/rp2040/rp2040_usb.c.obj
                0x20000c80                hw_endpoint_reset_transfer
 .time_critical._hw_endpoint_buffer_control_update32
                0x20000c8c       0x58 CMakeFiles/contador_dec.dir/C_/Users/pedro/.pico-sdk/sdk/1.5.1/lib/tinyusb/src/portable/raspberrypi/rp2040/rp2040_usb.c.obj
                0x20000c8c                _hw_endpoint_buffer_control_update32
 .time_critical.hw_endpoint_start_next_buffer
                0x20000ce4       0x6c CMakeFiles/contador_dec.dir/C_/Users/pedro/.pico-sdk/sdk/1.5.1/lib/tinyusb/src/portable/raspberrypi/rp2040/rp2040_usb.c.obj
                0x20000ce4                hw_endpoint_start_next_buffer
 .time_critical.hw_endpoint_xfer_continue
                0x20000d50       0x50 CMakeFiles/contador_dec.dir/C_/Users/pedro/.pico-sdk/sdk/1.5.1/lib/tinyusb/src/portable/raspberrypi/rp2040/rp2040_usb.c.obj
                0x20000d50                hw_endpoint_xfer_continue
 .time_critical.tinyusb
                0x20000da0      0x16c CMakeFiles/contador_dec.dir/C_/Users/pedro/.pico-sdk/sdk/1.5.1/lib/tinyusb/src/device/usbd.c.obj
                0x20000da0                dcd_event_handler
 *(.text*)
 .text          0x20000f0c        0x4 C:/Users/pedro/.pico-sdk/toolchain/13_2_Rel1/bin/../lib/gcc/arm-none-eabi/13.2.1/thumb/v6-m/nofp\libgcc.a(_dvmd_tls.o)
                0x20000f0c                __aeabi_idiv0
                0x20000f0c                __aeabi_ldiv0
 .text.__stub   0x20000f10       0x70 linker stubs
                0x20000f80                        . = ALIGN (0x4)
 *(.rodata*)
                0x20000f80                        . = ALIGN (0x4)
 *(.data*)
 .data.striped_spin_lock_num
                0x20000f80        0x1 CMakeFiles/contador_dec.dir/C_/Users/pedro/.pico-sdk/sdk/1.5.1/src/rp2_common/hardware_sync/sync.c.obj
 *fill*         0x20000f81        0x3 
 .data          0x20000f84       0x48 CMakeFiles/contador_dec.dir/C_/Users/pedro/.pico-sdk/sdk/1.5.1/src/rp2_common/hardware_irq/irq_handler_chain.S.obj
                0x20000f84                irq_handler_chain_slots
                0x20000fb4                irq_handler_chain_first_slot
                0x20000fbe                irq_handler_chain_remove_tail
 .data.default_alarm_pool
                0x20000fcc       0x18 CMakeFiles/contador_dec.dir/C_/Users/pedro/.pico-sdk/sdk/1.5.1/src/common/pico_time/time.c.obj
 .data.default_alarm_pool_heap
                0x20000fe4       0x10 CMakeFiles/contador_dec.dir/C_/Users/pedro/.pico-sdk/sdk/1.5.1/src/common/pico_time/time.c.obj
 *fill*         0x20000ff4        0xc 
 .data.aeabi_bits_funcs
                0x20001000       0x10 CMakeFiles/contador_dec.dir/C_/Users/pedro/.pico-sdk/sdk/1.5.1/src/rp2_common/pico_bit_ops/bit_ops_aeabi.S.obj
                0x20001000                aeabi_bits_funcs
                0x20001010                aeabi_bits_funcs_end
 .data.aeabi_mem_funcs
                0x20001010       0x10 CMakeFiles/contador_dec.dir/C_/Users/pedro/.pico-sdk/sdk/1.5.1/src/rp2_common/pico_mem_ops/mem_ops_aeabi.S.obj
                0x20001010                aeabi_mem_funcs
                0x20001020                aeabi_mem_funcs_end
 .data.stdio_usb
                0x20001020       0x18 CMakeFiles/contador_dec.dir/C_/Users/pedro/.pico-sdk/sdk/1.5.1/src/rp2_common/pico_stdio_usb/stdio_usb.c.obj
                0x20001020                stdio_usb
 .data.ep_dir_string
                0x20001038        0x8 CMakeFiles/contador_dec.dir/C_/Users/pedro/.pico-sdk/sdk/1.5.1/lib/tinyusb/src/portable/raspberrypi/rp2040/rp2040_usb.c.obj
                0x20001038                ep_dir_string
 .data._usbd_qdef
                0x20001040       0x1c CMakeFiles/contador_dec.dir/C_/Users/pedro/.pico-sdk/sdk/1.5.1/lib/tinyusb/src/device/usbd.c.obj
                0x20001040                _usbd_qdef
 .data._usbd_rhport
                0x2000105c        0x1 CMakeFiles/contador_dec.dir/C_/Users/pedro/.pico-sdk/sdk/1.5.1/lib/tinyusb/src/device/usbd.c.obj
 *fill*         0x2000105d        0x3 
 .data.cyw43_poll_worker
                0x20001060       0x10 CMakeFiles/contador_dec.dir/C_/Users/pedro/.pico-sdk/sdk/1.5.1/src/rp2_common/pico_cyw43_driver/cyw43_driver.c.obj
 .data.sleep_timeout_worker
                0x20001070       0x18 CMakeFiles/contador_dec.dir/C_/Users/pedro/.pico-sdk/sdk/1.5.1/src/rp2_common/pico_cyw43_driver/cyw43_driver.c.obj
 .data.i2c1_inst
                0x20001088        0x8 CMakeFiles/contador_dec.dir/C_/Users/pedro/.pico-sdk/sdk/1.5.1/src/rp2_common/hardware_i2c/i2c.c.obj
                0x20001088                i2c1_inst
 .data.i2c0_inst
                0x20001090        0x8 CMakeFiles/contador_dec.dir/C_/Users/pedro/.pico-sdk/sdk/1.5.1/src/rp2_common/hardware_i2c/i2c.c.obj
                0x20001090                i2c0_inst
 .data.__malloc_sbrk_base
                0x20001098        0x4 C:/Users/pedro/.pico-sdk/toolchain/13_2_Rel1/bin/../lib/gcc/arm-none-eabi/13.2.1/thumb/v6-m/nofp\libc.a(libc_a-mallocr.o)
                0x20001098                __malloc_sbrk_base
 .data.__malloc_trim_threshold
                0x2000109c        0x4 C:/Users/pedro/.pico-sdk/toolchain/13_2_Rel1/bin/../lib/gcc/arm-none-eabi/13.2.1/thumb/v6-m/nofp\libc.a(libc_a-mallocr.o)
                0x2000109c                __malloc_trim_threshold
 .data.__malloc_av_
                0x200010a0      0x408 C:/Users/pedro/.pico-sdk/toolchain/13_2_Rel1/bin/../lib/gcc/arm-none-eabi/13.2.1/thumb/v6-m/nofp\libc.a(libc_a-mallocr.o)
                0x200010a0                __malloc_av_
 .data._impure_ptr
                0x200014a8        0x4 C:/Users/pedro/.pico-sdk/toolchain/13_2_Rel1/bin/../lib/gcc/arm-none-eabi/13.2.1/thumb/v6-m/nofp\libc.a(libc_a-impure.o)
                0x200014a8                _impure_ptr
 *fill*         0x200014ac        0x4 
 .data._impure_data
                0x200014b0      0x120 C:/Users/pedro/.pico-sdk/toolchain/13_2_Rel1/bin/../lib/gcc/arm-none-eabi/13.2.1/thumb/v6-m/nofp\libc.a(libc_a-impure.o)
                0x200014b0                _impure_data
                0x200015d0                        . = ALIGN (0x4)
 *(.after_data.*)
                0x200015d0                        . = ALIGN (0x4)
                0x200015d0                        PROVIDE (__mutex_array_start = .)
 *(SORT_BY_NAME(.mutex_array.*))
 *(.mutex_array)
 .mutex_array   0x200015d0        0x8 CMakeFiles/contador_dec.dir/C_/Users/pedro/.pico-sdk/sdk/1.5.1/src/rp2_common/pico_stdio/stdio.c.obj
                0x200015d8                        PROVIDE (__mutex_array_end = .)
                0x200015d8                        . = ALIGN (0x4)
                0x200015d8                        PROVIDE (__preinit_array_start = .)
 *(SORT_BY_NAME(.preinit_array.*))
 .preinit_array.00001
                0x200015d8        0x4 CMakeFiles/contador_dec.dir/C_/Users/pedro/.pico-sdk/sdk/1.5.1/src/rp2_common/pico_mem_ops/mem_ops_aeabi.S.obj
 .preinit_array.00010
                0x200015dc        0x4 CMakeFiles/contador_dec.dir/C_/Users/pedro/.pico-sdk/sdk/1.5.1/src/rp2_common/pico_bit_ops/bit_ops_aeabi.S.obj
 .preinit_array.00020
                0x200015e0        0x4 CMakeFiles/contador_dec.dir/C_/Users/pedro/.pico-sdk/sdk/1.5.1/src/rp2_common/pico_double/double_aeabi.S.obj
 .preinit_array.00020
                0x200015e4        0x4 CMakeFiles/contador_dec.dir/C_/Users/pedro/.pico-sdk/sdk/1.5.1/src/rp2_common/pico_float/float_aeabi.S.obj
 *(.preinit_array)
                0x200015e8                        PROVIDE (__preinit_array_end = .)
                0x200015e8                        . = ALIGN (0x4)
                0x200015e8                        PROVIDE (__init_array_start = .)
 *(SORT_BY_NAME(.init_array.*))
 *(.init_array)
 .init_array    0x200015e8        0x4 C:/Users/pedro/.pico-sdk/toolchain/13_2_Rel1/bin/../lib/gcc/arm-none-eabi/13.2.1/thumb/v6-m/nofp/crtbegin.o
 .init_array    0x200015ec        0x4 CMakeFiles/contador_dec.dir/C_/Users/pedro/.pico-sdk/sdk/1.5.1/src/rp2_common/pico_unique_id/unique_id.c.obj
                0x200015f0                        PROVIDE (__init_array_end = .)
                0x200015f0                        . = ALIGN (0x4)
                [!provide]                        PROVIDE (__fini_array_start = .)
 *(SORT_BY_NAME(.fini_array.*))
 *(.fini_array)
                [!provide]                        PROVIDE (__fini_array_end = .)
 *(.jcr)
                0x200015f0                        . = ALIGN (0x4)
                0x200015f0                        __data_end__ = .
                0x10009a08                        __etext = LOADADDR (.data)

.tm_clone_table
                0x200015f0        0x0 load address 0x1000af38
 .tm_clone_table
                0x200015f0        0x0 C:/Users/pedro/.pico-sdk/toolchain/13_2_Rel1/bin/../lib/gcc/arm-none-eabi/13.2.1/thumb/v6-m/nofp/crtbegin.o
 .tm_clone_table
                0x200015f0        0x0 C:/Users/pedro/.pico-sdk/toolchain/13_2_Rel1/bin/../lib/gcc/arm-none-eabi/13.2.1/thumb/v6-m/nofp/crtend.o

.igot.plt       0x200015f0        0x0 load address 0x1000af38
 .igot.plt      0x200015f0        0x0 C:/Users/pedro/.pico-sdk/toolchain/13_2_Rel1/bin/../lib/gcc/arm-none-eabi/13.2.1/thumb/v6-m/nofp/crtbegin.o

.uninitialized_data
                0x200015f0        0x0 load address 0x1000af38
                0x200015f0                        . = ALIGN (0x4)
 *(.uninitialized_data*)

.scratch_x      0x20040000        0x0 load address 0x1000af38
                0x20040000                        __scratch_x_start__ = .
 *(.scratch_x.*)
                0x20040000                        . = ALIGN (0x4)